Archive member included because of file (symbol)

C:/Freescale/KSDK_1.3.0/lib/ksdk_platform_lib/kds/KL26Z4/debug/libksdk_platform.a(fsl_uart_hal.o)
                              ./SDK/platform/utilities/src/fsl_debug_console.o (UART_HAL_SetBaudRate)
C:/Freescale/KSDK_1.3.0/lib/ksdk_platform_lib/kds/KL26Z4/debug/libksdk_platform.a(fsl_spi_hal.o)
                              ./fatfs/fsl_sd_disk/src/fsl_sdspi_disk.o (SPI_HAL_SetBaud)
C:/Freescale/KSDK_1.3.0/lib/ksdk_platform_lib/kds/KL26Z4/debug/libksdk_platform.a(fsl_spi_dma_master_driver.o)
                              ./fatfs/fsl_sd_disk/src/fsl_sdspi_disk.o (SPI_DRV_DmaMasterInit)
C:/Freescale/KSDK_1.3.0/lib/ksdk_platform_lib/kds/KL26Z4/debug/libksdk_platform.a(fsl_spi_master_driver.o)
                              ./fatfs/fsl_sd_disk/src/fsl_sdspi_disk.o (SPI_DRV_MasterDeinit)
C:/Freescale/KSDK_1.3.0/lib/ksdk_platform_lib/kds/KL26Z4/debug/libksdk_platform.a(fsl_spi_common.o)
                              C:/Freescale/KSDK_1.3.0/lib/ksdk_platform_lib/kds/KL26Z4/debug/libksdk_platform.a(fsl_spi_dma_master_driver.o) (g_spiStatePtr)
C:/Freescale/KSDK_1.3.0/lib/ksdk_platform_lib/kds/KL26Z4/debug/libksdk_platform.a(fsl_spi_dma_shared_function.o)
                              ./Sources/fsl_spi_dma_irq.o (SPI_DRV_DmaIRQHandler)
C:/Freescale/KSDK_1.3.0/lib/ksdk_platform_lib/kds/KL26Z4/debug/libksdk_platform.a(fsl_lptmr_hal.o)
                              ./SDK/platform/osa/src/fsl_os_abstraction_bm.o (LPTMR_HAL_SetTimerWorkingMode)
C:/Freescale/KSDK_1.3.0/lib/ksdk_platform_lib/kds/KL26Z4/debug/libksdk_platform.a(fsl_lpsci_hal.o)
                              ./SDK/platform/utilities/src/fsl_debug_console.o (LPSCI_HAL_SetBaudRate)
C:/Freescale/KSDK_1.3.0/lib/ksdk_platform_lib/kds/KL26Z4/debug/libksdk_platform.a(fsl_interrupt_manager.o)
                              ./SDK/platform/osa/src/fsl_os_abstraction_bm.o (INT_SYS_InstallHandler)
C:/Freescale/KSDK_1.3.0/lib/ksdk_platform_lib/kds/KL26Z4/debug/libksdk_platform.a(fsl_i2c_hal.o)
                              ./9555/U1P_9555.o (I2C_HAL_SendStart)
C:/Freescale/KSDK_1.3.0/lib/ksdk_platform_lib/kds/KL26Z4/debug/libksdk_platform.a(fsl_i2c_master_driver.o)
                              ./Sources/main.o (I2C_DRV_MasterInit)
C:/Freescale/KSDK_1.3.0/lib/ksdk_platform_lib/kds/KL26Z4/debug/libksdk_platform.a(fsl_i2c_common.o)
                              ./9555/U1P_9555.o (g_i2cBase)
C:/Freescale/KSDK_1.3.0/lib/ksdk_platform_lib/kds/KL26Z4/debug/libksdk_platform.a(fsl_i2c_shared_function.o)
                              ./Sources/fsl_i2c_irq.o (I2C_DRV_IRQHandler)
C:/Freescale/KSDK_1.3.0/lib/ksdk_platform_lib/kds/KL26Z4/debug/libksdk_platform.a(fsl_gpio_driver.o)
                              ./Sources/main.o (GPIO_DRV_Init)
C:/Freescale/KSDK_1.3.0/lib/ksdk_platform_lib/kds/KL26Z4/debug/libksdk_platform.a(fsl_dma_driver.o)
                              ./fatfs/fsl_sd_disk/src/fsl_sdspi_disk.o (DMA_DRV_Init)
C:/Freescale/KSDK_1.3.0/lib/ksdk_platform_lib/kds/KL26Z4/debug/libksdk_platform.a(fsl_clock_MKL26Z4.o)
                              ./SDK/board/board.o (CLOCK_SYS_SetSimConfigration)
C:/Freescale/KSDK_1.3.0/lib/ksdk_platform_lib/kds/KL26Z4/debug/libksdk_platform.a(fsl_clock_manager.o)
                              C:/Freescale/KSDK_1.3.0/lib/ksdk_platform_lib/kds/KL26Z4/debug/libksdk_platform.a(fsl_clock_MKL26Z4.o) (CLOCK_SYS_GetSystickFreq)
C:/Freescale/KSDK_1.3.0/lib/ksdk_platform_lib/kds/KL26Z4/debug/libksdk_platform.a(fsl_clock_manager_common.o)
                              C:/Freescale/KSDK_1.3.0/lib/ksdk_platform_lib/kds/KL26Z4/debug/libksdk_platform.a(fsl_clock_MKL26Z4.o) (g_oscBase)
C:/Freescale/KSDK_1.3.0/lib/ksdk_platform_lib/kds/KL26Z4/debug/libksdk_platform.a(fsl_spi_dma_slave_driver.o)
                              C:/Freescale/KSDK_1.3.0/lib/ksdk_platform_lib/kds/KL26Z4/debug/libksdk_platform.a(fsl_spi_dma_shared_function.o) (SPI_DRV_DmaSlaveIRQHandler)
C:/Freescale/KSDK_1.3.0/lib/ksdk_platform_lib/kds/KL26Z4/debug/libksdk_platform.a(fsl_sim_hal_MKL26Z4.o)
                              C:/Freescale/KSDK_1.3.0/lib/ksdk_platform_lib/kds/KL26Z4/debug/libksdk_platform.a(fsl_clock_MKL26Z4.o) (CLOCK_HAL_SetOutDiv)
C:/Freescale/KSDK_1.3.0/lib/ksdk_platform_lib/kds/KL26Z4/debug/libksdk_platform.a(fsl_osc_hal.o)
                              C:/Freescale/KSDK_1.3.0/lib/ksdk_platform_lib/kds/KL26Z4/debug/libksdk_platform.a(fsl_clock_manager.o) (OSC_HAL_SetCapacitor)
C:/Freescale/KSDK_1.3.0/lib/ksdk_platform_lib/kds/KL26Z4/debug/libksdk_platform.a(fsl_mcg_hal.o)
                              C:/Freescale/KSDK_1.3.0/lib/ksdk_platform_lib/kds/KL26Z4/debug/libksdk_platform.a(fsl_clock_MKL26Z4.o) (g_xtal0ClkFreq)
C:/Freescale/KSDK_1.3.0/lib/ksdk_platform_lib/kds/KL26Z4/debug/libksdk_platform.a(fsl_mcg_hal_modes.o)
                              C:/Freescale/KSDK_1.3.0/lib/ksdk_platform_lib/kds/KL26Z4/debug/libksdk_platform.a(fsl_clock_manager.o) (CLOCK_HAL_GetMcgMode)
[...]
Memory Configuration

Name             Origin             Length             Attributes
m_interrupts     0x00000000         0x00000100         xr
m_flash_config   0x00000400         0x00000010         xr
m_text           0x00000410         0x0001fbf0         xr
m_data           0x1ffff000         0x00004000         rw
*default*        0x00000000         0xffffffff

Linker script and memory map

LOAD c:/freescale/kds_v3/toolchain/bin/../lib/gcc/arm-none-eabi/4.8.4/armv6-m/crti.o
LOAD c:/freescale/kds_v3/toolchain/bin/../lib/gcc/arm-none-eabi/4.8.4/armv6-m/crtbegin.o
LOAD c:/freescale/kds_v3/toolchain/bin/../lib/gcc/arm-none-eabi/4.8.4/../../../../arm-none-eabi/lib/armv6-m/crt0.o
LOAD ./fatfs/fsl_sd_disk/src/fsl_sdspi_disk.o
LOAD ./fatfs/diskio.o
LOAD ./fatfs/ff.o
LOAD ./Sources/fsl_dma_irq.o
LOAD ./Sources/fsl_i2c_irq.o
LOAD ./Sources/fsl_spi_dma_irq.o
LOAD ./Sources/main.o
LOAD ./SDK/platform/utilities/src/fsl_debug_console.o
LOAD ./SDK/platform/utilities/src/fsl_misc_utilities.o
LOAD ./SDK/platform/utilities/src/print_scan.o
LOAD ./SDK/platform/osa/src/fsl_os_abstraction_bm.o
LOAD ./SDK/composite/src/sdcard/fsl_sdcard_spi.o
LOAD ./SDK/board/board.o
LOAD ./SDK/board/gpio_pins.o
LOAD ./SDK/board/hardware_init.o
LOAD ./SDK/board/pin_mux.o
LOAD ./Project_Settings/Startup_Code/startup.o
LOAD ./Project_Settings/Startup_Code/startup_MKL26Z4.o
LOAD ./Project_Settings/Startup_Code/system_MKL26Z4.o
LOAD ./CY3116/U1P_CY3116.o
LOAD ./9555/U1P_9555.o
LOAD C:/Freescale/KSDK_1.3.0/lib/ksdk_platform_lib/kds/KL26Z4/debug/libksdk_platform.a
LOAD c:/freescale/kds_v3/toolchain/bin/../lib/gcc/arm-none-eabi/4.8.4/../../../../arm-none-eabi/lib/armv6-m\libstdc++_s.a
LOAD c:/freescale/kds_v3/toolchain/bin/../lib/gcc/arm-none-eabi/4.8.4/../../../../arm-none-eabi/lib/armv6-m\libm.a
START GROUP
LOAD c:/freescale/kds_v3/toolchain/bin/../lib/gcc/arm-none-eabi/4.8.4/armv6-m\libgcc.a
LOAD c:/freescale/kds_v3/toolchain/bin/../lib/gcc/arm-none-eabi/4.8.4/../../../../arm-none-eabi/lib/armv6-m\libg_s.a
LOAD c:/freescale/kds_v3/toolchain/bin/../lib/gcc/arm-none-eabi/4.8.4/../../../../arm-none-eabi/lib/armv6-m\libc_s.a
END GROUP
START GROUP
LOAD c:/freescale/kds_v3/toolchain/bin/../lib/gcc/arm-none-eabi/4.8.4/armv6-m\libgcc.a
LOAD c:/freescale/kds_v3/toolchain/bin/../lib/gcc/arm-none-eabi/4.8.4/../../../../arm-none-eabi/lib/armv6-m\libc_s.a
LOAD c:/freescale/kds_v3/toolchain/bin/../lib/gcc/arm-none-eabi/4.8.4/../../../../arm-none-eabi/lib/armv6-m\libnosys.a
END GROUP
START GROUP
LOAD c:/freescale/kds_v3/toolchain/bin/../lib/gcc/arm-none-eabi/4.8.4/armv6-m\libgcc.a
LOAD c:/freescale/kds_v3/toolchain/bin/../lib/gcc/arm-none-eabi/4.8.4/../../../../arm-none-eabi/lib/armv6-m\libc_s.a
LOAD c:/freescale/kds_v3/toolchain/bin/../lib/gcc/arm-none-eabi/4.8.4/../../../../arm-none-eabi/lib/armv6-m\libnosys.a
END GROUP
LOAD c:/freescale/kds_v3/toolchain/bin/../lib/gcc/arm-none-eabi/4.8.4/armv6-m/crtend.o
LOAD c:/freescale/kds_v3/toolchain/bin/../lib/gcc/arm-none-eabi/4.8.4/armv6-m/crtn.o
                0x00000400                HEAP_SIZE = DEFINED (__heap_size__)?__heap_size__:0x400
                0x00000400                STACK_SIZE = DEFINED (__stack_size__)?__stack_size__:0x400
                0x00000000                M_VECTOR_RAM_SIZE = DEFINED (__ram_vector_table__)?0x100:0x0

.interrupts     0x00000000       0xc0
                0x00000000                __VECTOR_TABLE = .
                0x00000000                . = ALIGN (0x4)
 *(.isr_vector)
 .isr_vector    0x00000000       0xc0 ./Project_Settings/Startup_Code/startup_MKL26Z4.o
                0x00000000                __isr_vector
                0x000000c0                . = ALIGN (0x4)

.flash_config   0x00000400       0x10
                0x00000400                . = ALIGN (0x4)
 *(.FlashConfig)
 .FlashConfig   0x00000400       0x10 ./Project_Settings/Startup_Code/startup_MKL26Z4.o
                0x00000410                . = ALIGN (0x4)

.text           0x00000410     0xeaa0
                0x00000410                . = ALIGN (0x4)
 *(.text)
 .text          0x00000410       0x60 c:/freescale/kds_v3/toolchain/bin/../lib/gcc/arm-none-eabi/4.8.4/armv6-m/crtbegin.o
 .text          0x00000470       0x78 c:/freescale/kds_v3/toolchain/bin/../lib/gcc/arm-none-eabi/4.8.4/../../../../arm-none-eabi/lib/armv6-m/crt0.o
                0x00000470                _start
                0x00000470                _mainCRTStartup
 .text          0x000004e8       0x18 ./Project_Settings/Startup_Code/startup_MKL26Z4.o
                0x000004e8                Reset_Handler
                0x000004f8                SysTick_Handler
                0x000004f8                PendSV_Handler
                0x000004f8                NMI_Handler
                0x000004f8                PORTC_PORTD_IRQHandler
                0x000004f8                UART1_IRQHandler
                0x000004f8                TPM0_IRQHandler
                0x000004f8                I2S0_IRQHandler
                0x000004f8                LLWU_IRQHandler
                0x000004f8                TSI0_IRQHandler
                0x000004f8                UART0_IRQHandler
                0x000004f8                ADC0_IRQHandler
                0x000004f8                DefaultISR
                0x000004f8                TPM2_IRQHandler
                0x000004f8                RTC_IRQHandler
                0x000004f8                HardFault_Handler
                0x000004f8                RTC_Seconds_IRQHandler
                0x000004f8                MCG_IRQHandler
                0x000004f8                UART2_IRQHandler
                0x000004f8                Reserved20_IRQHandler
                0x000004f8                USB0_IRQHandler
                0x000004f8                PIT_IRQHandler
                0x000004f8                SVC_Handler
                0x000004f8                DAC0_IRQHandler
                0x000004f8                Reserved45_IRQHandler
                0x000004f8                TPM1_IRQHandler
                0x000004f8                LVD_LVW_IRQHandler
                0x000004f8                PORTA_IRQHandler
                0x000004f8                FTFA_IRQHandler
                0x000004f8                LPTMR0_IRQHandler
                0x000004f8                CMP0_IRQHandler
 .text          0x00000500       0x9c c:/freescale/kds_v3/toolchain/bin/../lib/gcc/arm-none-eabi/4.8.4/armv6-m\libgcc.a(_udivsi3.o)
                0x00000500                __aeabi_uidiv
                0x00000500                __udivsi3
                0x00000588                __aeabi_uidivmod
 .text          0x0000059c       0xc0 c:/freescale/kds_v3/toolchain/bin/../lib/gcc/arm-none-eabi/4.8.4/armv6-m\libgcc.a(_divsi3.o)
                0x0000059c                __divsi3
                0x0000059c                __aeabi_idiv
                0x00000648                __aeabi_idivmod
 .text          0x0000065c        0x4 c:/freescale/kds_v3/toolchain/bin/../lib/gcc/arm-none-eabi/4.8.4/armv6-m\libgcc.a(_dvmd_tls.o)
                0x0000065c                __aeabi_idiv0
                0x0000065c                __aeabi_ldiv0
 *(.text*)
 .text.getSpiMaxFrequency
                0x00000660       0x14 ./fatfs/fsl_sd_disk/src/fsl_sdspi_disk.o
                0x00000660                getSpiMaxFrequency
 .text.setSpiFrequency
                0x00000674       0x44 ./fatfs/fsl_sd_disk/src/fsl_sdspi_disk.o
                0x00000674                setSpiFrequency
 .text.spiExchange
                0x000006b8       0x3c ./fatfs/fsl_sd_disk/src/fsl_sdspi_disk.o
                0x000006b8                spiExchange
 .text.spiSendWord
                0x000006f4       0x48 ./fatfs/fsl_sd_disk/src/fsl_sdspi_disk.o
                0x000006f4                spiSendWord
 .text.sdcard_disk_write
                0x0000073c       0x6c ./fatfs/fsl_sd_disk/src/fsl_sdspi_disk.o
                0x0000073c                sdcard_disk_write
 .text.sdcard_disk_read
                0x000007a8       0x6c ./fatfs/fsl_sd_disk/src/fsl_sdspi_disk.o
                0x000007a8                sdcard_disk_read
 .text.sdcard_disk_ioctl
                0x00000814      0x1bc ./fatfs/fsl_sd_disk/src/fsl_sdspi_disk.o
                0x00000814                sdcard_disk_ioctl
 .text.sdcard_disk_initialize
                0x000009d0      0x10c ./fatfs/fsl_sd_disk/src/fsl_sdspi_disk.o
                0x000009d0                sdcard_disk_initialize
 .text.disk_status
                0x00000adc       0x18 ./fatfs/diskio.o
                0x00000adc                disk_status
 .text.disk_initialize
                0x00000af4       0x3c ./fatfs/diskio.o
                0x00000af4                disk_initialize
 .text.disk_read
                0x00000b30       0x50 ./fatfs/diskio.o
                0x00000b30                disk_read
 .text.disk_write
                0x00000b80       0x50 ./fatfs/diskio.o
                0x00000b80                disk_write
 .text.disk_ioctl
                0x00000bd0       0x40 ./fatfs/diskio.o
                0x00000bd0                disk_ioctl
 .text.get_fattime
                0x00000c10       0x10 ./fatfs/diskio.o
                0x00000c10                get_fattime
 .text.mem_cpy  0x00000c20       0x38 ./fatfs/ff.o
 .text.mem_set  0x00000c58       0x30 ./fatfs/ff.o
 .text.mem_cmp  0x00000c88       0x4c ./fatfs/ff.o
 .text.chk_chr  0x00000cd4       0x34 ./fatfs/ff.o
 .text.sync_window
                0x00000d08       0x90 ./fatfs/ff.o
 .text.move_window
                0x00000d98       0x58 ./fatfs/ff.o
 .text.sync_fs  0x00000df0      0x198 ./fatfs/ff.o
 .text.clust2sect
                0x00000f88       0x38 ./fatfs/ff.o
                0x00000f88                clust2sect
 .text.get_fat  0x00000fc0      0x168 ./fatfs/ff.o
                0x00000fc0                get_fat
 .text.put_fat  0x00001128      0x230 ./fatfs/ff.o
                0x00001128                put_fat
 .text.remove_chain
                0x00001358       0xc4 ./fatfs/ff.o
 .text.create_chain
                0x0000141c      0x154 ./fatfs/ff.o
 .text.clmt_clust
                0x00001570       0x68 ./fatfs/ff.o
 .text.dir_sdi  0x000015d8      0x104 ./fatfs/ff.o
 .text.dir_next
                0x000016dc      0x1a8 ./fatfs/ff.o
 .text.dir_alloc
                0x00001884       0xb4 ./fatfs/ff.o
 .text.ld_clust
                0x00001938       0x54 ./fatfs/ff.o
 .text.st_clust
                0x0000198c       0x48 ./fatfs/ff.o
 .text.dir_find
                0x000019d4       0xc4 ./fatfs/ff.o
 .text.dir_register
                0x00001a98       0x7c ./fatfs/ff.o
 .text.create_name
                0x00001b14      0x210 ./fatfs/ff.o
 .text.follow_path
                0x00001d24      0x108 ./fatfs/ff.o
 .text.get_ldnumber
                0x00001e2c       0x8c ./fatfs/ff.o
 .text.check_fs
                0x00001eb8       0xcc ./fatfs/ff.o
 .text.find_volume
                0x00001f84      0x5cc ./fatfs/ff.o
 .text.validate
                0x00002550       0x5c ./fatfs/ff.o
 .text.f_mount  0x000025ac       0x94 ./fatfs/ff.o
                0x000025ac                f_mount
 .text.f_open   0x00002640      0x304 ./fatfs/ff.o
                0x00002640                f_open
 .text.f_read   0x00002944      0x2c4 ./fatfs/ff.o
                0x00002944                f_read
 .text.f_write  0x00002c08      0x328 ./fatfs/ff.o
                0x00002c08                f_write
 .text.f_sync   0x00002f30      0x17c ./fatfs/ff.o
                0x00002f30                f_sync
 .text.f_close  0x000030ac       0x50 ./fatfs/ff.o
                0x000030ac                f_close
 .text.f_lseek  0x000030fc      0x45c ./fatfs/ff.o
                0x000030fc                f_lseek
 .text.DMA0_IRQHandler
                0x00003558       0x10 ./Sources/fsl_dma_irq.o
                0x00003558                DMA0_IRQHandler
 .text.DMA1_IRQHandler
                0x00003568       0x10 ./Sources/fsl_dma_irq.o
                0x00003568                DMA1_IRQHandler
 .text.DMA2_IRQHandler
                0x00003578       0x10 ./Sources/fsl_dma_irq.o
                0x00003578                DMA2_IRQHandler
 .text.DMA3_IRQHandler
                0x00003588       0x10 ./Sources/fsl_dma_irq.o
                0x00003588                DMA3_IRQHandler
 .text.I2C0_IRQHandler
                0x00003598       0x10 ./Sources/fsl_i2c_irq.o
                0x00003598                I2C0_IRQHandler
 .text.I2C1_IRQHandler
                0x000035a8       0x10 ./Sources/fsl_i2c_irq.o
                0x000035a8                I2C1_IRQHandler
 .text.SPI0_IRQHandler
                0x000035b8       0x10 ./Sources/fsl_spi_dma_irq.o
                0x000035b8                SPI0_IRQHandler
 .text.SPI1_IRQHandler
                0x000035c8       0x10 ./Sources/fsl_spi_dma_irq.o
                0x000035c8                SPI1_IRQHandler
 .text.main     0x000035d8      0x60c ./Sources/main.o
                0x000035d8                main
 .text.UART_HAL_EnableTransmitter
                0x00003be4       0x1c ./SDK/platform/utilities/src/fsl_debug_console.o
 .text.UART_HAL_EnableReceiver
                0x00003c00       0x1c ./SDK/platform/utilities/src/fsl_debug_console.o
 .text.UART_HAL_SetBitCountPerChar
                0x00003c1c       0x28 ./SDK/platform/utilities/src/fsl_debug_console.o
 .text.UART_HAL_SetStopBitCount
                0x00003c44       0x28 ./SDK/platform/utilities/src/fsl_debug_console.o
 .text.LPSCI_HAL_EnableTransmitter
                0x00003c6c       0x1c ./SDK/platform/utilities/src/fsl_debug_console.o
 .text.LPSCI_HAL_EnableReceiver
                0x00003c88       0x1c ./SDK/platform/utilities/src/fsl_debug_console.o
 .text.LPSCI_HAL_SetBitCountPerChar
                0x00003ca4       0x28 ./SDK/platform/utilities/src/fsl_debug_console.o
 .text.LPSCI_HAL_SetStopBitCount
                0x00003ccc       0x28 ./SDK/platform/utilities/src/fsl_debug_console.o
 .text.DbgConsole_Init
                0x00003cf4      0x160 ./SDK/platform/utilities/src/fsl_debug_console.o
                0x00003cf4                DbgConsole_Init
 .text._write   0x00003e54       0x5c ./SDK/platform/utilities/src/fsl_debug_console.o
                0x00003e54                _write
 .text._read    0x00003eb0       0x48 ./SDK/platform/utilities/src/fsl_debug_console.o
                0x00003eb0                _read
 .text.debug_printf
                0x00003ef8       0x4c ./SDK/platform/utilities/src/fsl_debug_console.o
                0x00003ef8                debug_printf
 .text.debug_putc
                0x00003f44       0x44 ./SDK/platform/utilities/src/fsl_debug_console.o
 .text._sbrk    0x00003f88       0x5c ./SDK/platform/utilities/src/fsl_misc_utilities.o
                0x00003f88                _sbrk
 .text._doprint
                0x00003fe4      0x6e4 ./SDK/platform/utilities/src/print_scan.o
                0x00003fe4                _doprint
 .text.mknumstr
                0x000046c8      0x110 ./SDK/platform/utilities/src/print_scan.o
 .text.fput_pad
                0x000047d8       0x44 ./SDK/platform/utilities/src/print_scan.o
 .text.SIM_HAL_EnableClock
                0x0000481c       0x58 ./SDK/platform/osa/src/fsl_os_abstraction_bm.o
 .text.CLOCK_SYS_EnableLptmrClock
                0x00004874       0x1c ./SDK/platform/osa/src/fsl_os_abstraction_bm.o
 .text.LPTMR_HAL_Enable
                0x00004890       0x1c ./SDK/platform/osa/src/fsl_os_abstraction_bm.o
 .text.LPTMR_HAL_Disable
                0x000048ac       0x1c ./SDK/platform/osa/src/fsl_os_abstraction_bm.o
 .text.LPTMR_HAL_SetIntCmd
                0x000048c8       0x24 ./SDK/platform/osa/src/fsl_os_abstraction_bm.o
 .text.OSA_TimeInit
                0x000048ec       0x60 ./SDK/platform/osa/src/fsl_os_abstraction_bm.o
                0x000048ec                OSA_TimeInit
 .text.OSA_TimeDiff
                0x0000494c       0x30 ./SDK/platform/osa/src/fsl_os_abstraction_bm.o
                0x0000494c                OSA_TimeDiff
 .text.OSA_SemaCreate
                0x0000497c       0x54 ./SDK/platform/osa/src/fsl_os_abstraction_bm.o
                0x0000497c                OSA_SemaCreate
 .text.OSA_SemaWait
                0x000049d0       0xc8 ./SDK/platform/osa/src/fsl_os_abstraction_bm.o
                0x000049d0                OSA_SemaWait
 .text.OSA_SemaPost
                0x00004a98       0x58 ./SDK/platform/osa/src/fsl_os_abstraction_bm.o
                0x00004a98                OSA_SemaPost
 .text.OSA_SemaDestroy
                0x00004af0       0x34 ./SDK/platform/osa/src/fsl_os_abstraction_bm.o
                0x00004af0                OSA_SemaDestroy
 .text.OSA_EventSet
                0x00004b24       0x4c ./SDK/platform/osa/src/fsl_os_abstraction_bm.o
                0x00004b24                OSA_EventSet
 .text.task_init
                0x00004b70       0x60 ./SDK/platform/osa/src/fsl_os_abstraction_bm.o
                0x00004b70                task_init
 .text.OSA_MemAllocZero
                0x00004bd0       0x1c ./SDK/platform/osa/src/fsl_os_abstraction_bm.o
                0x00004bd0                OSA_MemAllocZero
 .text.OSA_MemFree
                0x00004bec       0x1c ./SDK/platform/osa/src/fsl_os_abstraction_bm.o
                0x00004bec                OSA_MemFree
 .text.OSA_TimeDelay
                0x00004c08       0x34 ./SDK/platform/osa/src/fsl_os_abstraction_bm.o
                0x00004c08                OSA_TimeDelay
 .text.OSA_TimeGetMsec
                0x00004c3c       0x18 ./SDK/platform/osa/src/fsl_os_abstraction_bm.o
                0x00004c3c                OSA_TimeGetMsec
 .text.OSA_Init
                0x00004c54       0x14 ./SDK/platform/osa/src/fsl_os_abstraction_bm.o
                0x00004c54                OSA_Init
 .text.SDSPI_DRV_GenerateCRC7
                0x00004c68       0x7c ./SDK/composite/src/sdcard/fsl_sdcard_spi.o
 .text.SDSPI_DRV_WaitReady
                0x00004ce4       0x60 ./SDK/composite/src/sdcard/fsl_sdcard_spi.o
 .text.SDSPI_DRV_SendCommand
                0x00004d44      0x2e0 ./SDK/composite/src/sdcard/fsl_sdcard_spi.o
 .text.SDSPI_DRV_GoIdle
                0x00005024      0x100 ./SDK/composite/src/sdcard/fsl_sdcard_spi.o
 .text.SDSPI_DRV_SendApplicationCmd
                0x00005124       0x80 ./SDK/composite/src/sdcard/fsl_sdcard_spi.o
 .text.SDSPI_DRV_AppSendOpCond
                0x000051a4       0xdc ./SDK/composite/src/sdcard/fsl_sdcard_spi.o
 .text.SDSPI_DRV_SendIfCond
                0x00005280       0xcc ./SDK/composite/src/sdcard/fsl_sdcard_spi.o
 .text.SDSPI_DRV_ReadOcr
                0x0000534c       0xd8 ./SDK/composite/src/sdcard/fsl_sdcard_spi.o
 .text.SDSPI_DRV_Write
                0x00005424      0x150 ./SDK/composite/src/sdcard/fsl_sdcard_spi.o
 .text.SDSPI_DRV_Read
                0x00005574      0x148 ./SDK/composite/src/sdcard/fsl_sdcard_spi.o
 .text.SDSPI_DRV_SendCsd
                0x000056bc       0x9c ./SDK/composite/src/sdcard/fsl_sdcard_spi.o
 .text.SDSPI_DRV_SetBlockSize
                0x00005758       0x74 ./SDK/composite/src/sdcard/fsl_sdcard_spi.o
 .text.SDSPI_DRV_CheckCapacity
                0x000057cc       0xe4 ./SDK/composite/src/sdcard/fsl_sdcard_spi.o
 .text.SDSPI_DRV_SendCid
                0x000058b0       0x88 ./SDK/composite/src/sdcard/fsl_sdcard_spi.o
 .text.SDSPI_DRV_InitSd
                0x00005938      0x158 ./SDK/composite/src/sdcard/fsl_sdcard_spi.o
 .text.SDSPI_DRV_Init
                0x00005a90      0x2b8 ./SDK/composite/src/sdcard/fsl_sdcard_spi.o
                0x00005a90                SDSPI_DRV_Init
 .text.SDSPI_DRV_StopTransmission
                0x00005d48       0x64 ./SDK/composite/src/sdcard/fsl_sdcard_spi.o
 .text.SDSPI_DRV_ReadBlocks
                0x00005dac      0x19c ./SDK/composite/src/sdcard/fsl_sdcard_spi.o
                0x00005dac                SDSPI_DRV_ReadBlocks
 .text.SDSPI_DRV_WriteBlocks
                0x00005f48      0x248 ./SDK/composite/src/sdcard/fsl_sdcard_spi.o
                0x00005f48                SDSPI_DRV_WriteBlocks
 .text.SDSPI_DRV_CheckReadOnly
                0x00006190       0x84 ./SDK/composite/src/sdcard/fsl_sdcard_spi.o
                0x00006190                SDSPI_DRV_CheckReadOnly
 .text.SDSPI_DRV_Shutdown
                0x00006214       0x58 ./SDK/composite/src/sdcard/fsl_sdcard_spi.o
                0x00006214                SDSPI_DRV_Shutdown
 .text.PORT_HAL_SetMuxMode
                0x0000626c       0x4c ./SDK/board/board.o
 .text.CLOCK_HAL_SetLpsciSrc
                0x000062b8       0x30 ./SDK/board/board.o
 .text.CLOCK_SYS_SetLpsciSrc
                0x000062e8       0x2c ./SDK/board/board.o
 .text.SMC_HAL_SetProtection
                0x00006314       0x1c ./SDK/board/board.o
 .text.BOARD_InitOsc0
                0x00006330       0x40 ./SDK/board/board.o
                0x00006330                BOARD_InitOsc0
 .text.CLOCK_SetBootConfig
                0x00006370       0x3c ./SDK/board/board.o
 .text.BOARD_ClockInit
                0x000063ac       0x44 ./SDK/board/board.o
                0x000063ac                BOARD_ClockInit
 .text.dbg_uart_init
                0x000063f0       0x24 ./SDK/board/board.o
                0x000063f0                dbg_uart_init
 .text.hardware_init
                0x00006414       0x3c ./SDK/board/hardware_init.o
                0x00006414                hardware_init
 .text.PORT_HAL_SetPullMode
                0x00006450       0x48 ./SDK/board/pin_mux.o
 .text.PORT_HAL_SetPullCmd
                0x00006498       0x4c ./SDK/board/pin_mux.o
 .text.PORT_HAL_SetPassiveFilterCmd
                0x000064e4       0x4c ./SDK/board/pin_mux.o
 .text.PORT_HAL_SetMuxMode
                0x00006530       0x4c ./SDK/board/pin_mux.o
 .text.configure_i2c_pins
                0x0000657c       0xe8 ./SDK/board/pin_mux.o
                0x0000657c                configure_i2c_pins
 .text.configure_lpsci_pins
                0x00006664       0x34 ./SDK/board/pin_mux.o
                0x00006664                configure_lpsci_pins
 .text.configure_spi_pins
                0x00006698       0x88 ./SDK/board/pin_mux.o
                0x00006698                configure_spi_pins
 .text.init_data_bss
                0x00006720       0xc8 ./Project_Settings/Startup_Code/startup.o
                0x00006720                init_data_bss
 .text.SystemInit
                0x000067e8       0x38 ./Project_Settings/Startup_Code/system_MKL26Z4.o
                0x000067e8                SystemInit
 .text.I2C_HAL_SendAck
                0x00006820       0x1c ./9555/U1P_9555.o
 .text.I2C_HAL_SendNak
                0x0000683c       0x1c ./9555/U1P_9555.o
 .text.I2C_HAL_SetDirMode
                0x00006858       0x28 ./9555/U1P_9555.o
 .text.I2C_HAL_ReadByte
                0x00006880       0x18 ./9555/U1P_9555.o
 .text.I2C_HAL_WriteByte
                0x00006898       0x1c ./9555/U1P_9555.o
 .text.pause    0x000068b4       0x20 ./9555/U1P_9555.o
 .text.U1P_9555_config
                0x000068d4      0x134 ./9555/U1P_9555.o
                0x000068d4                U1P_9555_config
 .text.U1P_9555_pedo_status
                0x00006a08      0x240 ./9555/U1P_9555.o
                0x00006a08                U1P_9555_pedo_status
 .text.U1P_9555_wakeup
                0x00006c48       0xe8 ./9555/U1P_9555.o
                0x00006c48                U1P_9555_wakeup
 .text.UART_HAL_SetBaudRate
                0x00006d30       0x6c C:/Freescale/KSDK_1.3.0/lib/ksdk_platform_lib/kds/KL26Z4/debug/libksdk_platform.a(fsl_uart_hal.o)
                0x00006d30                UART_HAL_SetBaudRate
 .text.UART_HAL_SetParityMode
                0x00006d9c       0x40 C:/Freescale/KSDK_1.3.0/lib/ksdk_platform_lib/kds/KL26Z4/debug/libksdk_platform.a(fsl_uart_hal.o)
                0x00006d9c                UART_HAL_SetParityMode
 .text.UART_HAL_Putchar
                0x00006ddc       0x34 C:/Freescale/KSDK_1.3.0/lib/ksdk_platform_lib/kds/KL26Z4/debug/libksdk_platform.a(fsl_uart_hal.o)
                0x00006ddc                UART_HAL_Putchar
 .text.UART_HAL_Getchar
                0x00006e10       0x34 C:/Freescale/KSDK_1.3.0/lib/ksdk_platform_lib/kds/KL26Z4/debug/libksdk_platform.a(fsl_uart_hal.o)
                0x00006e10                UART_HAL_Getchar
 .text.UART_HAL_SendDataPolling
                0x00006e44       0x44 C:/Freescale/KSDK_1.3.0/lib/ksdk_platform_lib/kds/KL26Z4/debug/libksdk_platform.a(fsl_uart_hal.o)
                0x00006e44                UART_HAL_SendDataPolling
 .text.UART_HAL_ReceiveDataPolling
                0x00006e88       0xa4 C:/Freescale/KSDK_1.3.0/lib/ksdk_platform_lib/kds/KL26Z4/debug/libksdk_platform.a(fsl_uart_hal.o)
                0x00006e88                UART_HAL_ReceiveDataPolling
 .text.SPI_HAL_Init
                0x00006f2c       0x2c C:/Freescale/KSDK_1.3.0/lib/ksdk_platform_lib/kds/KL26Z4/debug/libksdk_platform.a(fsl_spi_hal.o)
                0x00006f2c                SPI_HAL_Init
 .text.SPI_HAL_SetBaud
                0x00006f58       0xd4 C:/Freescale/KSDK_1.3.0/lib/ksdk_platform_lib/kds/KL26Z4/debug/libksdk_platform.a(fsl_spi_hal.o)
                0x00006f58                SPI_HAL_SetBaud
 .text.SPI_HAL_SetSlaveSelectOutputMode
                0x0000702c       0x4c C:/Freescale/KSDK_1.3.0/lib/ksdk_platform_lib/kds/KL26Z4/debug/libksdk_platform.a(fsl_spi_hal.o)
                0x0000702c                SPI_HAL_SetSlaveSelectOutputMode
 .text.SPI_HAL_SetDataFormat
                0x00007078       0x58 C:/Freescale/KSDK_1.3.0/lib/ksdk_platform_lib/kds/KL26Z4/debug/libksdk_platform.a(fsl_spi_hal.o)
                0x00007078                SPI_HAL_SetDataFormat
 .text.SPI_HAL_SetPinMode
                0x000070d0       0x48 C:/Freescale/KSDK_1.3.0/lib/ksdk_platform_lib/kds/KL26Z4/debug/libksdk_platform.a(fsl_spi_hal.o)
                0x000070d0                SPI_HAL_SetPinMode
 .text.SPI_HAL_SetIntMode
                0x00007118       0x68 C:/Freescale/KSDK_1.3.0/lib/ksdk_platform_lib/kds/KL26Z4/debug/libksdk_platform.a(fsl_spi_hal.o)
                0x00007118                SPI_HAL_SetIntMode
 .text.SPI_HAL_SetFifoMode
                0x00007180       0x58 C:/Freescale/KSDK_1.3.0/lib/ksdk_platform_lib/kds/KL26Z4/debug/libksdk_platform.a(fsl_spi_hal.o)
                0x00007180                SPI_HAL_SetFifoMode
 .text.SPI_HAL_SetFifoIntCmd
                0x000071d8       0x4c C:/Freescale/KSDK_1.3.0/lib/ksdk_platform_lib/kds/KL26Z4/debug/libksdk_platform.a(fsl_spi_hal.o)
                0x000071d8                SPI_HAL_SetFifoIntCmd
 .text.NVIC_EnableIRQ
                0x00007224       0x2c C:/Freescale/KSDK_1.3.0/lib/ksdk_platform_lib/kds/KL26Z4/debug/libksdk_platform.a(fsl_spi_dma_master_driver.o)
 .text.SPI_HAL_Enable
                0x00007250       0x1c C:/Freescale/KSDK_1.3.0/lib/ksdk_platform_lib/kds/KL26Z4/debug/libksdk_platform.a(fsl_spi_dma_master_driver.o)
 .text.SPI_HAL_Disable
                0x0000726c       0x1c C:/Freescale/KSDK_1.3.0/lib/ksdk_platform_lib/kds/KL26Z4/debug/libksdk_platform.a(fsl_spi_dma_master_driver.o)
 .text.SPI_HAL_SetMasterSlave
                0x00007288       0x28 C:/Freescale/KSDK_1.3.0/lib/ksdk_platform_lib/kds/KL26Z4/debug/libksdk_platform.a(fsl_spi_dma_master_driver.o)
 .text.SPI_HAL_Set8or16BitMode
                0x000072b0       0x28 C:/Freescale/KSDK_1.3.0/lib/ksdk_platform_lib/kds/KL26Z4/debug/libksdk_platform.a(fsl_spi_dma_master_driver.o)
 .text.SPI_HAL_Get8or16BitMode
                0x000072d8       0x20 C:/Freescale/KSDK_1.3.0/lib/ksdk_platform_lib/kds/KL26Z4/debug/libksdk_platform.a(fsl_spi_dma_master_driver.o)
 .text.SPI_HAL_GetDataRegAddr
                0x000072f8       0x14 C:/Freescale/KSDK_1.3.0/lib/ksdk_platform_lib/kds/KL26Z4/debug/libksdk_platform.a(fsl_spi_dma_master_driver.o)
 .text.SPI_HAL_SetTxDmaCmd
                0x0000730c       0x28 C:/Freescale/KSDK_1.3.0/lib/ksdk_platform_lib/kds/KL26Z4/debug/libksdk_platform.a(fsl_spi_dma_master_driver.o)
 .text.SPI_HAL_SetRxDmaCmd
                0x00007334       0x28 C:/Freescale/KSDK_1.3.0/lib/ksdk_platform_lib/kds/KL26Z4/debug/libksdk_platform.a(fsl_spi_dma_master_driver.o)
 .text.SPI_HAL_GetIntStatusFlag
                0x0000735c       0x34 C:/Freescale/KSDK_1.3.0/lib/ksdk_platform_lib/kds/KL26Z4/debug/libksdk_platform.a(fsl_spi_dma_master_driver.o)
 .text.SPI_HAL_IsReadBuffFullPending
                0x00007390       0x20 C:/Freescale/KSDK_1.3.0/lib/ksdk_platform_lib/kds/KL26Z4/debug/libksdk_platform.a(fsl_spi_dma_master_driver.o)
 .text.SPI_HAL_IsTxBuffEmptyPending
                0x000073b0       0x24 C:/Freescale/KSDK_1.3.0/lib/ksdk_platform_lib/kds/KL26Z4/debug/libksdk_platform.a(fsl_spi_dma_master_driver.o)
 .text.SPI_HAL_ReadDataHigh
                0x000073d4       0x18 C:/Freescale/KSDK_1.3.0/lib/ksdk_platform_lib/kds/KL26Z4/debug/libksdk_platform.a(fsl_spi_dma_master_driver.o)
 .text.SPI_HAL_ReadDataLow
                0x000073ec       0x18 C:/Freescale/KSDK_1.3.0/lib/ksdk_platform_lib/kds/KL26Z4/debug/libksdk_platform.a(fsl_spi_dma_master_driver.o)
 .text.SPI_HAL_WriteDataHigh
                0x00007404       0x1c C:/Freescale/KSDK_1.3.0/lib/ksdk_platform_lib/kds/KL26Z4/debug/libksdk_platform.a(fsl_spi_dma_master_driver.o)
 .text.SPI_HAL_WriteDataLow
                0x00007420       0x1c C:/Freescale/KSDK_1.3.0/lib/ksdk_platform_lib/kds/KL26Z4/debug/libksdk_platform.a(fsl_spi_dma_master_driver.o)
 .text.SPI_HAL_SetIntClearCmd
                0x0000743c       0x28 C:/Freescale/KSDK_1.3.0/lib/ksdk_platform_lib/kds/KL26Z4/debug/libksdk_platform.a(fsl_spi_dma_master_driver.o)
 .text.SPI_HAL_GetFifoCmd
                0x00007464       0x24 C:/Freescale/KSDK_1.3.0/lib/ksdk_platform_lib/kds/KL26Z4/debug/libksdk_platform.a(fsl_spi_dma_master_driver.o)
 .text.SPI_HAL_GetFifoStatusFlag
                0x00007488       0x34 C:/Freescale/KSDK_1.3.0/lib/ksdk_platform_lib/kds/KL26Z4/debug/libksdk_platform.a(fsl_spi_dma_master_driver.o)
 .text.INT_SYS_EnableIRQ
                0x000074bc       0x5c C:/Freescale/KSDK_1.3.0/lib/ksdk_platform_lib/kds/KL26Z4/debug/libksdk_platform.a(fsl_spi_dma_master_driver.o)
 .text.SPI_DRV_DmaMasterCallback
                0x00007518      0x108 C:/Freescale/KSDK_1.3.0/lib/ksdk_platform_lib/kds/KL26Z4/debug/libksdk_platform.a(fsl_spi_dma_master_driver.o)
                0x00007518                SPI_DRV_DmaMasterCallback
 .text.SPI_DRV_DmaMasterInit
                0x00007620      0x130 C:/Freescale/KSDK_1.3.0/lib/ksdk_platform_lib/kds/KL26Z4/debug/libksdk_platform.a(fsl_spi_dma_master_driver.o)
                0x00007620                SPI_DRV_DmaMasterInit
 .text.SPI_DRV_DmaMasterConfigureBus
                0x00007750       0x8c C:/Freescale/KSDK_1.3.0/lib/ksdk_platform_lib/kds/KL26Z4/debug/libksdk_platform.a(fsl_spi_dma_master_driver.o)
                0x00007750                SPI_DRV_DmaMasterConfigureBus
 .text.SPI_DRV_DmaMasterTransferBlocking
                0x000077dc       0xe0 C:/Freescale/KSDK_1.3.0/lib/ksdk_platform_lib/kds/KL26Z4/debug/libksdk_platform.a(fsl_spi_dma_master_driver.o)
                0x000077dc                SPI_DRV_DmaMasterTransferBlocking
 .text.SPI_DRV_DmaMasterStartTransfer
                0x000078bc      0x31c C:/Freescale/KSDK_1.3.0/lib/ksdk_platform_lib/kds/KL26Z4/debug/libksdk_platform.a(fsl_spi_dma_master_driver.o)
                0x000078bc                SPI_DRV_DmaMasterStartTransfer
 .text.SPI_DRV_DmaMasterCompleteTransfer
                0x00007bd8       0x64 C:/Freescale/KSDK_1.3.0/lib/ksdk_platform_lib/kds/KL26Z4/debug/libksdk_platform.a(fsl_spi_dma_master_driver.o)
 .text.SPI_DRV_DmaMasterIRQHandler
                0x00007c3c      0x120 C:/Freescale/KSDK_1.3.0/lib/ksdk_platform_lib/kds/KL26Z4/debug/libksdk_platform.a(fsl_spi_dma_master_driver.o)
                0x00007c3c                SPI_DRV_DmaMasterIRQHandler
 .text.NVIC_DisableIRQ
                0x00007d5c       0x2c C:/Freescale/KSDK_1.3.0/lib/ksdk_platform_lib/kds/KL26Z4/debug/libksdk_platform.a(fsl_spi_master_driver.o)
 .text.INT_SYS_DisableIRQ
                0x00007d88       0x5c C:/Freescale/KSDK_1.3.0/lib/ksdk_platform_lib/kds/KL26Z4/debug/libksdk_platform.a(fsl_spi_master_driver.o)
 .text.SPI_DRV_MasterDeinit
                0x00007de4       0x68 C:/Freescale/KSDK_1.3.0/lib/ksdk_platform_lib/kds/KL26Z4/debug/libksdk_platform.a(fsl_spi_master_driver.o)
                0x00007de4                SPI_DRV_MasterDeinit
 .text.SPI_HAL_IsMaster
                0x00007e4c       0x24 C:/Freescale/KSDK_1.3.0/lib/ksdk_platform_lib/kds/KL26Z4/debug/libksdk_platform.a(fsl_spi_dma_shared_function.o)
 .text.SPI_DRV_DmaIRQHandler
                0x00007e70       0x80 C:/Freescale/KSDK_1.3.0/lib/ksdk_platform_lib/kds/KL26Z4/debug/libksdk_platform.a(fsl_spi_dma_shared_function.o)
                0x00007e70                SPI_DRV_DmaIRQHandler
 .text.LPTMR_HAL_SetTimerWorkingMode
                0x00007ef0       0x5c C:/Freescale/KSDK_1.3.0/lib/ksdk_platform_lib/kds/KL26Z4/debug/libksdk_platform.a(fsl_lptmr_hal.o)
                0x00007ef0                LPTMR_HAL_SetTimerWorkingMode
 .text.LPTMR_HAL_SetPrescalerMode
                0x00007f4c       0x3c C:/Freescale/KSDK_1.3.0/lib/ksdk_platform_lib/kds/KL26Z4/debug/libksdk_platform.a(fsl_lptmr_hal.o)
                0x00007f4c                LPTMR_HAL_SetPrescalerMode
 .text.LPTMR_HAL_GetCounterValue
                0x00007f88       0x2c C:/Freescale/KSDK_1.3.0/lib/ksdk_platform_lib/kds/KL26Z4/debug/libksdk_platform.a(fsl_lptmr_hal.o)
                0x00007f88                LPTMR_HAL_GetCounterValue
 .text.LPSCI_HAL_Putchar
                0x00007fb4       0x1c C:/Freescale/KSDK_1.3.0/lib/ksdk_platform_lib/kds/KL26Z4/debug/libksdk_platform.a(fsl_lpsci_hal.o)
 .text.LPSCI_HAL_Getchar
                0x00007fd0       0x1c C:/Freescale/KSDK_1.3.0/lib/ksdk_platform_lib/kds/KL26Z4/debug/libksdk_platform.a(fsl_lpsci_hal.o)
 .text.LPSCI_HAL_SetBaudRate
                0x00007fec      0x14c C:/Freescale/KSDK_1.3.0/lib/ksdk_platform_lib/kds/KL26Z4/debug/libksdk_platform.a(fsl_lpsci_hal.o)
                0x00007fec                LPSCI_HAL_SetBaudRate
 .text.LPSCI_HAL_SetParityMode
                0x00008138       0x40 C:/Freescale/KSDK_1.3.0/lib/ksdk_platform_lib/kds/KL26Z4/debug/libksdk_platform.a(fsl_lpsci_hal.o)
                0x00008138                LPSCI_HAL_SetParityMode
 .text.LPSCI_HAL_SendDataPolling
                0x00008178       0x44 C:/Freescale/KSDK_1.3.0/lib/ksdk_platform_lib/kds/KL26Z4/debug/libksdk_platform.a(fsl_lpsci_hal.o)
                0x00008178                LPSCI_HAL_SendDataPolling
 .text.LPSCI_HAL_ReceiveDataPolling
                0x000081bc       0x88 C:/Freescale/KSDK_1.3.0/lib/ksdk_platform_lib/kds/KL26Z4/debug/libksdk_platform.a(fsl_lpsci_hal.o)
                0x000081bc                LPSCI_HAL_ReceiveDataPolling
 .text.INT_SYS_EnableIRQGlobal
                0x00008244       0x2c C:/Freescale/KSDK_1.3.0/lib/ksdk_platform_lib/kds/KL26Z4/debug/libksdk_platform.a(fsl_interrupt_manager.o)
                0x00008244                INT_SYS_EnableIRQGlobal
 .text.INT_SYS_DisableIRQGlobal
                0x00008270       0x18 C:/Freescale/KSDK_1.3.0/lib/ksdk_platform_lib/kds/KL26Z4/debug/libksdk_platform.a(fsl_interrupt_manager.o)
                0x00008270                INT_SYS_DisableIRQGlobal
 .text.I2C_HAL_GetStatusFlag
                0x00008288       0x34 C:/Freescale/KSDK_1.3.0/lib/ksdk_platform_lib/kds/KL26Z4/debug/libksdk_platform.a(fsl_i2c_hal.o)
 .text.I2C_HAL_Init
                0x000082bc       0x50 C:/Freescale/KSDK_1.3.0/lib/ksdk_platform_lib/kds/KL26Z4/debug/libksdk_platform.a(fsl_i2c_hal.o)
                0x000082bc                I2C_HAL_Init
 .text.I2C_HAL_SetBaudRate
                0x0000830c       0xe0 C:/Freescale/KSDK_1.3.0/lib/ksdk_platform_lib/kds/KL26Z4/debug/libksdk_platform.a(fsl_i2c_hal.o)
                0x0000830c                I2C_HAL_SetBaudRate
 .text.I2C_HAL_SendStart
                0x000083ec       0x8c C:/Freescale/KSDK_1.3.0/lib/ksdk_platform_lib/kds/KL26Z4/debug/libksdk_platform.a(fsl_i2c_hal.o)
                0x000083ec                I2C_HAL_SendStart
 .text.I2C_HAL_SendStop
                0x00008478       0x78 C:/Freescale/KSDK_1.3.0/lib/ksdk_platform_lib/kds/KL26Z4/debug/libksdk_platform.a(fsl_i2c_hal.o)
                0x00008478                I2C_HAL_SendStop
 .text.NVIC_EnableIRQ
                0x000084f0       0x2c C:/Freescale/KSDK_1.3.0/lib/ksdk_platform_lib/kds/KL26Z4/debug/libksdk_platform.a(fsl_i2c_master_driver.o)
 .text.I2C_HAL_Enable
                0x0000851c       0x1c C:/Freescale/KSDK_1.3.0/lib/ksdk_platform_lib/kds/KL26Z4/debug/libksdk_platform.a(fsl_i2c_master_driver.o)
 .text.I2C_HAL_SendAck
                0x00008538       0x1c C:/Freescale/KSDK_1.3.0/lib/ksdk_platform_lib/kds/KL26Z4/debug/libksdk_platform.a(fsl_i2c_master_driver.o)
 .text.I2C_HAL_SendNak
                0x00008554       0x1c C:/Freescale/KSDK_1.3.0/lib/ksdk_platform_lib/kds/KL26Z4/debug/libksdk_platform.a(fsl_i2c_master_driver.o)
 .text.I2C_HAL_SetDirMode
                0x00008570       0x28 C:/Freescale/KSDK_1.3.0/lib/ksdk_platform_lib/kds/KL26Z4/debug/libksdk_platform.a(fsl_i2c_master_driver.o)
 .text.I2C_HAL_GetDirMode
                0x00008598       0x20 C:/Freescale/KSDK_1.3.0/lib/ksdk_platform_lib/kds/KL26Z4/debug/libksdk_platform.a(fsl_i2c_master_driver.o)
 .text.I2C_HAL_ReadByte
                0x000085b8       0x18 C:/Freescale/KSDK_1.3.0/lib/ksdk_platform_lib/kds/KL26Z4/debug/libksdk_platform.a(fsl_i2c_master_driver.o)
 .text.I2C_HAL_WriteByte
                0x000085d0       0x1c C:/Freescale/KSDK_1.3.0/lib/ksdk_platform_lib/kds/KL26Z4/debug/libksdk_platform.a(fsl_i2c_master_driver.o)
 .text.I2C_HAL_GetStatusFlag
                0x000085ec       0x34 C:/Freescale/KSDK_1.3.0/lib/ksdk_platform_lib/kds/KL26Z4/debug/libksdk_platform.a(fsl_i2c_master_driver.o)
 .text.I2C_HAL_IsMaster
                0x00008620       0x24 C:/Freescale/KSDK_1.3.0/lib/ksdk_platform_lib/kds/KL26Z4/debug/libksdk_platform.a(fsl_i2c_master_driver.o)
 .text.I2C_HAL_ClearArbitrationLost
                0x00008644       0x14 C:/Freescale/KSDK_1.3.0/lib/ksdk_platform_lib/kds/KL26Z4/debug/libksdk_platform.a(fsl_i2c_master_driver.o)
 .text.I2C_HAL_SetIntCmd
                0x00008658       0x28 C:/Freescale/KSDK_1.3.0/lib/ksdk_platform_lib/kds/KL26Z4/debug/libksdk_platform.a(fsl_i2c_master_driver.o)
 .text.I2C_HAL_ClearInt
                0x00008680       0x14 C:/Freescale/KSDK_1.3.0/lib/ksdk_platform_lib/kds/KL26Z4/debug/libksdk_platform.a(fsl_i2c_master_driver.o)
 .text.INT_SYS_EnableIRQ
                0x00008694       0x5c C:/Freescale/KSDK_1.3.0/lib/ksdk_platform_lib/kds/KL26Z4/debug/libksdk_platform.a(fsl_i2c_master_driver.o)
 .text.I2C_DRV_MasterInit
                0x000086f0       0xc4 C:/Freescale/KSDK_1.3.0/lib/ksdk_platform_lib/kds/KL26Z4/debug/libksdk_platform.a(fsl_i2c_master_driver.o)
                0x000086f0                I2C_DRV_MasterInit
 .text.I2C_DRV_MasterSetBaudRate
                0x000087b4       0x98 C:/Freescale/KSDK_1.3.0/lib/ksdk_platform_lib/kds/KL26Z4/debug/libksdk_platform.a(fsl_i2c_master_driver.o)
                0x000087b4                I2C_DRV_MasterSetBaudRate
 .text.I2C_DRV_MasterReceiveData
                0x0000884c       0x34 C:/Freescale/KSDK_1.3.0/lib/ksdk_platform_lib/kds/KL26Z4/debug/libksdk_platform.a(fsl_i2c_master_driver.o)
                0x0000884c                I2C_DRV_MasterReceiveData
 .text.I2C_DRV_MasterIRQHandler
                0x00008880      0x180 C:/Freescale/KSDK_1.3.0/lib/ksdk_platform_lib/kds/KL26Z4/debug/libksdk_platform.a(fsl_i2c_master_driver.o)
                0x00008880                I2C_DRV_MasterIRQHandler
 .text.I2C_DRV_MasterWait
                0x00008a00       0x78 C:/Freescale/KSDK_1.3.0/lib/ksdk_platform_lib/kds/KL26Z4/debug/libksdk_platform.a(fsl_i2c_master_driver.o)
                0x00008a00                I2C_DRV_MasterWait
 .text.I2C_DRV_CompleteTransfer
                0x00008a78       0x98 C:/Freescale/KSDK_1.3.0/lib/ksdk_platform_lib/kds/KL26Z4/debug/libksdk_platform.a(fsl_i2c_master_driver.o)
 .text.I2C_DRV_SendAddress
                0x00008b10      0x228 C:/Freescale/KSDK_1.3.0/lib/ksdk_platform_lib/kds/KL26Z4/debug/libksdk_platform.a(fsl_i2c_master_driver.o)
 .text.I2C_DRV_MasterReceive
                0x00008d38      0x1bc C:/Freescale/KSDK_1.3.0/lib/ksdk_platform_lib/kds/KL26Z4/debug/libksdk_platform.a(fsl_i2c_master_driver.o)
 .text.I2C_HAL_GetStatusFlag
                0x00008ef4       0x34 C:/Freescale/KSDK_1.3.0/lib/ksdk_platform_lib/kds/KL26Z4/debug/libksdk_platform.a(fsl_i2c_shared_function.o)
 .text.I2C_HAL_IsMaster
                0x00008f28       0x24 C:/Freescale/KSDK_1.3.0/lib/ksdk_platform_lib/kds/KL26Z4/debug/libksdk_platform.a(fsl_i2c_shared_function.o)
 .text.I2C_DRV_IRQHandler
                0x00008f4c       0x78 C:/Freescale/KSDK_1.3.0/lib/ksdk_platform_lib/kds/KL26Z4/debug/libksdk_platform.a(fsl_i2c_shared_function.o)
                0x00008f4c                I2C_DRV_IRQHandler
 .text.NVIC_EnableIRQ
                0x00008fc4       0x2c C:/Freescale/KSDK_1.3.0/lib/ksdk_platform_lib/kds/KL26Z4/debug/libksdk_platform.a(fsl_gpio_driver.o)
 .text.PORT_HAL_SetPullMode
                0x00008ff0       0x48 C:/Freescale/KSDK_1.3.0/lib/ksdk_platform_lib/kds/KL26Z4/debug/libksdk_platform.a(fsl_gpio_driver.o)
 .text.PORT_HAL_SetPullCmd
                0x00009038       0x4c C:/Freescale/KSDK_1.3.0/lib/ksdk_platform_lib/kds/KL26Z4/debug/libksdk_platform.a(fsl_gpio_driver.o)
 .text.PORT_HAL_SetSlewRateMode
                0x00009084       0x4c C:/Freescale/KSDK_1.3.0/lib/ksdk_platform_lib/kds/KL26Z4/debug/libksdk_platform.a(fsl_gpio_driver.o)
 .text.PORT_HAL_SetPassiveFilterCmd
                0x000090d0       0x4c C:/Freescale/KSDK_1.3.0/lib/ksdk_platform_lib/kds/KL26Z4/debug/libksdk_platform.a(fsl_gpio_driver.o)
 .text.PORT_HAL_SetDriveStrengthMode
                0x0000911c       0x4c C:/Freescale/KSDK_1.3.0/lib/ksdk_platform_lib/kds/KL26Z4/debug/libksdk_platform.a(fsl_gpio_driver.o)
 .text.PORT_HAL_SetMuxMode
                0x00009168       0x4c C:/Freescale/KSDK_1.3.0/lib/ksdk_platform_lib/kds/KL26Z4/debug/libksdk_platform.a(fsl_gpio_driver.o)
 .text.PORT_HAL_SetPinIntMode
                0x000091b4       0x4c C:/Freescale/KSDK_1.3.0/lib/ksdk_platform_lib/kds/KL26Z4/debug/libksdk_platform.a(fsl_gpio_driver.o)
 .text.GPIO_HAL_TogglePinOutput
                0x00009200       0x3c C:/Freescale/KSDK_1.3.0/lib/ksdk_platform_lib/kds/KL26Z4/debug/libksdk_platform.a(fsl_gpio_driver.o)
 .text.INT_SYS_EnableIRQ
                0x0000923c       0x5c C:/Freescale/KSDK_1.3.0/lib/ksdk_platform_lib/kds/KL26Z4/debug/libksdk_platform.a(fsl_gpio_driver.o)
 .text.GPIO_DRV_Init
                0x00009298       0x4c C:/Freescale/KSDK_1.3.0/lib/ksdk_platform_lib/kds/KL26Z4/debug/libksdk_platform.a(fsl_gpio_driver.o)
                0x00009298                GPIO_DRV_Init
 .text.GPIO_DRV_InputPinInit
                0x000092e4       0xd4 C:/Freescale/KSDK_1.3.0/lib/ksdk_platform_lib/kds/KL26Z4/debug/libksdk_platform.a(fsl_gpio_driver.o)
                0x000092e4                GPIO_DRV_InputPinInit
 .text.GPIO_DRV_OutputPinInit
                0x000093b8       0x9c C:/Freescale/KSDK_1.3.0/lib/ksdk_platform_lib/kds/KL26Z4/debug/libksdk_platform.a(fsl_gpio_driver.o)
                0x000093b8                GPIO_DRV_OutputPinInit
 .text.GPIO_DRV_WritePinOutput
                0x00009454       0x3c C:/Freescale/KSDK_1.3.0/lib/ksdk_platform_lib/kds/KL26Z4/debug/libksdk_platform.a(fsl_gpio_driver.o)
                0x00009454                GPIO_DRV_WritePinOutput
 .text.GPIO_DRV_TogglePinOutput
                0x00009490       0x38 C:/Freescale/KSDK_1.3.0/lib/ksdk_platform_lib/kds/KL26Z4/debug/libksdk_platform.a(fsl_gpio_driver.o)
                0x00009490                GPIO_DRV_TogglePinOutput
 .text.NVIC_EnableIRQ
                0x000094c8       0x2c C:/Freescale/KSDK_1.3.0/lib/ksdk_platform_lib/kds/KL26Z4/debug/libksdk_platform.a(fsl_dma_driver.o)
 .text.DMA_HAL_SetSourceTransferSize
                0x000094f4       0x54 C:/Freescale/KSDK_1.3.0/lib/ksdk_platform_lib/kds/KL26Z4/debug/libksdk_platform.a(fsl_dma_driver.o)
 .text.DMA_HAL_SetDestTransferSize
                0x00009548       0x54 C:/Freescale/KSDK_1.3.0/lib/ksdk_platform_lib/kds/KL26Z4/debug/libksdk_platform.a(fsl_dma_driver.o)
 .text.DMA_HAL_SetDmaRequestCmd
                0x0000959c       0x50 C:/Freescale/KSDK_1.3.0/lib/ksdk_platform_lib/kds/KL26Z4/debug/libksdk_platform.a(fsl_dma_driver.o)
 .text.DMA_HAL_ClearStatus
                0x000095ec       0x54 C:/Freescale/KSDK_1.3.0/lib/ksdk_platform_lib/kds/KL26Z4/debug/libksdk_platform.a(fsl_dma_driver.o)
 .text.DMAMUX_HAL_SetChannelCmd
                0x00009640       0x4c C:/Freescale/KSDK_1.3.0/lib/ksdk_platform_lib/kds/KL26Z4/debug/libksdk_platform.a(fsl_dma_driver.o)
 .text.DMAMUX_HAL_SetTriggerSource
                0x0000968c       0x48 C:/Freescale/KSDK_1.3.0/lib/ksdk_platform_lib/kds/KL26Z4/debug/libksdk_platform.a(fsl_dma_driver.o)
 .text.INT_SYS_EnableIRQ
                0x000096d4       0x5c C:/Freescale/KSDK_1.3.0/lib/ksdk_platform_lib/kds/KL26Z4/debug/libksdk_platform.a(fsl_dma_driver.o)
 .text.SIM_HAL_EnableClock
                0x00009730       0x58 C:/Freescale/KSDK_1.3.0/lib/ksdk_platform_lib/kds/KL26Z4/debug/libksdk_platform.a(fsl_dma_driver.o)
 .text.CLOCK_SYS_EnableDmaClock
                0x00009788       0x1c C:/Freescale/KSDK_1.3.0/lib/ksdk_platform_lib/kds/KL26Z4/debug/libksdk_platform.a(fsl_dma_driver.o)
 .text.CLOCK_SYS_EnableDmamuxClock
                0x000097a4       0x1c C:/Freescale/KSDK_1.3.0/lib/ksdk_platform_lib/kds/KL26Z4/debug/libksdk_platform.a(fsl_dma_driver.o)
 .text.DMA_DRV_Init
                0x000097c0       0x9c C:/Freescale/KSDK_1.3.0/lib/ksdk_platform_lib/kds/KL26Z4/debug/libksdk_platform.a(fsl_dma_driver.o)
                0x000097c0                DMA_DRV_Init
 .text.DMA_DRV_RegisterCallback
                0x0000985c       0x24 C:/Freescale/KSDK_1.3.0/lib/ksdk_platform_lib/kds/KL26Z4/debug/libksdk_platform.a(fsl_dma_driver.o)
                0x0000985c                DMA_DRV_RegisterCallback
 .text.DMA_DRV_RequestChannel
                0x00009880      0x118 C:/Freescale/KSDK_1.3.0/lib/ksdk_platform_lib/kds/KL26Z4/debug/libksdk_platform.a(fsl_dma_driver.o)
                0x00009880                DMA_DRV_RequestChannel
 .text.DMA_DRV_ClaimChannel
                0x00009998       0xf0 C:/Freescale/KSDK_1.3.0/lib/ksdk_platform_lib/kds/KL26Z4/debug/libksdk_platform.a(fsl_dma_driver.o)
                0x00009998                DMA_DRV_ClaimChannel
 .text.DMA_DRV_StartChannel
                0x00009a88       0x38 C:/Freescale/KSDK_1.3.0/lib/ksdk_platform_lib/kds/KL26Z4/debug/libksdk_platform.a(fsl_dma_driver.o)
                0x00009a88                DMA_DRV_StartChannel
 .text.DMA_DRV_StopChannel
                0x00009ac0       0x38 C:/Freescale/KSDK_1.3.0/lib/ksdk_platform_lib/kds/KL26Z4/debug/libksdk_platform.a(fsl_dma_driver.o)
                0x00009ac0                DMA_DRV_StopChannel
 .text.DMA_DRV_IRQhandler
                0x00009af8      0x100 C:/Freescale/KSDK_1.3.0/lib/ksdk_platform_lib/kds/KL26Z4/debug/libksdk_platform.a(fsl_dma_driver.o)
                0x00009af8                DMA_DRV_IRQhandler
 .text.DMA_DRV_ConfigTransfer
                0x00009bf8       0x98 C:/Freescale/KSDK_1.3.0/lib/ksdk_platform_lib/kds/KL26Z4/debug/libksdk_platform.a(fsl_dma_driver.o)
                0x00009bf8                DMA_DRV_ConfigTransfer
 .text.DMA_DRV_SetDestTransferSize
                0x00009c90       0x70 C:/Freescale/KSDK_1.3.0/lib/ksdk_platform_lib/kds/KL26Z4/debug/libksdk_platform.a(fsl_dma_driver.o)
                0x00009c90                DMA_DRV_SetDestTransferSize
 .text.DMA_DRV_SetSourceTransferSize
                0x00009d00       0x70 C:/Freescale/KSDK_1.3.0/lib/ksdk_platform_lib/kds/KL26Z4/debug/libksdk_platform.a(fsl_dma_driver.o)
                0x00009d00                DMA_DRV_SetSourceTransferSize
 .text.SIM_HAL_EnableClock
                0x00009d70       0x58 C:/Freescale/KSDK_1.3.0/lib/ksdk_platform_lib/kds/KL26Z4/debug/libksdk_platform.a(fsl_clock_MKL26Z4.o)
 .text.SIM_HAL_DisableClock
                0x00009dc8       0x4c C:/Freescale/KSDK_1.3.0/lib/ksdk_platform_lib/kds/KL26Z4/debug/libksdk_platform.a(fsl_clock_MKL26Z4.o)
 .text.CLOCK_HAL_GetLpsciSrc
                0x00009e14       0x28 C:/Freescale/KSDK_1.3.0/lib/ksdk_platform_lib/kds/KL26Z4/debug/libksdk_platform.a(fsl_clock_MKL26Z4.o)
 .text.CLOCK_HAL_SetExternalRefClock32kSrc
                0x00009e3c       0x28 C:/Freescale/KSDK_1.3.0/lib/ksdk_platform_lib/kds/KL26Z4/debug/libksdk_platform.a(fsl_clock_MKL26Z4.o)
 .text.CLOCK_HAL_SetPllfllSel
                0x00009e64       0x2c C:/Freescale/KSDK_1.3.0/lib/ksdk_platform_lib/kds/KL26Z4/debug/libksdk_platform.a(fsl_clock_MKL26Z4.o)
 .text.CLOCK_HAL_GetPllfllSel
                0x00009e90       0x24 C:/Freescale/KSDK_1.3.0/lib/ksdk_platform_lib/kds/KL26Z4/debug/libksdk_platform.a(fsl_clock_MKL26Z4.o)
 .text.CLOCK_HAL_GetOutDiv1
                0x00009eb4       0x28 C:/Freescale/KSDK_1.3.0/lib/ksdk_platform_lib/kds/KL26Z4/debug/libksdk_platform.a(fsl_clock_MKL26Z4.o)
 .text.CLOCK_HAL_GetOutDiv4
                0x00009edc       0x28 C:/Freescale/KSDK_1.3.0/lib/ksdk_platform_lib/kds/KL26Z4/debug/libksdk_platform.a(fsl_clock_MKL26Z4.o)
 .text.OSC_HAL_GetExternalRefClkCmd
                0x00009f04       0x24 C:/Freescale/KSDK_1.3.0/lib/ksdk_platform_lib/kds/KL26Z4/debug/libksdk_platform.a(fsl_clock_MKL26Z4.o)
 .text.CLOCK_SYS_SetSimConfigration
                0x00009f28       0x48 C:/Freescale/KSDK_1.3.0/lib/ksdk_platform_lib/kds/KL26Z4/debug/libksdk_platform.a(fsl_clock_MKL26Z4.o)
                0x00009f28                CLOCK_SYS_SetSimConfigration
 .text.CLOCK_SYS_GetSystemClockFreq
                0x00009f70       0x34 C:/Freescale/KSDK_1.3.0/lib/ksdk_platform_lib/kds/KL26Z4/debug/libksdk_platform.a(fsl_clock_MKL26Z4.o)
                0x00009f70                CLOCK_SYS_GetSystemClockFreq
 .text.CLOCK_SYS_GetBusClockFreq
                0x00009fa4       0x38 C:/Freescale/KSDK_1.3.0/lib/ksdk_platform_lib/kds/KL26Z4/debug/libksdk_platform.a(fsl_clock_MKL26Z4.o)
                0x00009fa4                CLOCK_SYS_GetBusClockFreq
 .text.CLOCK_SYS_GetPllFllClockFreq
                0x00009fdc       0x5c C:/Freescale/KSDK_1.3.0/lib/ksdk_platform_lib/kds/KL26Z4/debug/libksdk_platform.a(fsl_clock_MKL26Z4.o)
                0x00009fdc                CLOCK_SYS_GetPllFllClockFreq
 .text.CLOCK_SYS_GetOsc0ExternalRefClockFreq
                0x0000a038       0x2c C:/Freescale/KSDK_1.3.0/lib/ksdk_platform_lib/kds/KL26Z4/debug/libksdk_platform.a(fsl_clock_MKL26Z4.o)
                0x0000a038                CLOCK_SYS_GetOsc0ExternalRefClockFreq
 .text.CLOCK_SYS_GetSpiFreq
                0x0000a064       0x38 C:/Freescale/KSDK_1.3.0/lib/ksdk_platform_lib/kds/KL26Z4/debug/libksdk_platform.a(fsl_clock_MKL26Z4.o)
                0x0000a064                CLOCK_SYS_GetSpiFreq
 .text.CLOCK_SYS_GetI2cFreq
                0x0000a09c       0x38 C:/Freescale/KSDK_1.3.0/lib/ksdk_platform_lib/kds/KL26Z4/debug/libksdk_platform.a(fsl_clock_MKL26Z4.o)
                0x0000a09c                CLOCK_SYS_GetI2cFreq
 .text.CLOCK_SYS_GetLpsciFreq
                0x0000a0d4       0x68 C:/Freescale/KSDK_1.3.0/lib/ksdk_platform_lib/kds/KL26Z4/debug/libksdk_platform.a(fsl_clock_MKL26Z4.o)
                0x0000a0d4                CLOCK_SYS_GetLpsciFreq
 .text.CLOCK_SYS_GetUartFreq
                0x0000a13c       0x2c C:/Freescale/KSDK_1.3.0/lib/ksdk_platform_lib/kds/KL26Z4/debug/libksdk_platform.a(fsl_clock_MKL26Z4.o)
                0x0000a13c                CLOCK_SYS_GetUartFreq
 .text.CLOCK_SYS_EnablePortClock
                0x0000a168       0x4c C:/Freescale/KSDK_1.3.0/lib/ksdk_platform_lib/kds/KL26Z4/debug/libksdk_platform.a(fsl_clock_MKL26Z4.o)
                0x0000a168                CLOCK_SYS_EnablePortClock
 .text.CLOCK_SYS_EnableSpiClock
                0x0000a1b4       0x48 C:/Freescale/KSDK_1.3.0/lib/ksdk_platform_lib/kds/KL26Z4/debug/libksdk_platform.a(fsl_clock_MKL26Z4.o)
                0x0000a1b4                CLOCK_SYS_EnableSpiClock
 .text.CLOCK_SYS_DisableSpiClock
                0x0000a1fc       0x4c C:/Freescale/KSDK_1.3.0/lib/ksdk_platform_lib/kds/KL26Z4/debug/libksdk_platform.a(fsl_clock_MKL26Z4.o)
                0x0000a1fc                CLOCK_SYS_DisableSpiClock
 .text.CLOCK_SYS_EnableI2cClock
                0x0000a248       0x4c C:/Freescale/KSDK_1.3.0/lib/ksdk_platform_lib/kds/KL26Z4/debug/libksdk_platform.a(fsl_clock_MKL26Z4.o)
                0x0000a248                CLOCK_SYS_EnableI2cClock
 .text.CLOCK_SYS_EnableLpsciClock
                0x0000a294       0x40 C:/Freescale/KSDK_1.3.0/lib/ksdk_platform_lib/kds/KL26Z4/debug/libksdk_platform.a(fsl_clock_MKL26Z4.o)
                0x0000a294                CLOCK_SYS_EnableLpsciClock
 .text.CLOCK_SYS_EnableUartClock
                0x0000a2d4       0x4c C:/Freescale/KSDK_1.3.0/lib/ksdk_platform_lib/kds/KL26Z4/debug/libksdk_platform.a(fsl_clock_MKL26Z4.o)
                0x0000a2d4                CLOCK_SYS_EnableUartClock
 .text.CLOCK_HAL_SetClkOutSrc
                0x0000a320       0x28 C:/Freescale/KSDK_1.3.0/lib/ksdk_platform_lib/kds/KL26Z4/debug/libksdk_platform.a(fsl_clock_manager.o)
 .text.CLOCK_HAL_SetClksFrdivIrefs
                0x0000a348       0x60 C:/Freescale/KSDK_1.3.0/lib/ksdk_platform_lib/kds/KL26Z4/debug/libksdk_platform.a(fsl_clock_manager.o)
 .text.CLOCK_HAL_GetClkOutStat
                0x0000a3a8       0x20 C:/Freescale/KSDK_1.3.0/lib/ksdk_platform_lib/kds/KL26Z4/debug/libksdk_platform.a(fsl_clock_manager.o)
 .text.CLOCK_HAL_GetFllSrc
                0x0000a3c8       0x20 C:/Freescale/KSDK_1.3.0/lib/ksdk_platform_lib/kds/KL26Z4/debug/libksdk_platform.a(fsl_clock_manager.o)
 .text.CLOCK_HAL_IsOsc0Stable
                0x0000a3e8       0x24 C:/Freescale/KSDK_1.3.0/lib/ksdk_platform_lib/kds/KL26Z4/debug/libksdk_platform.a(fsl_clock_manager.o)
 .text.OSC_HAL_SetExternalRefClkCmd
                0x0000a40c       0x28 C:/Freescale/KSDK_1.3.0/lib/ksdk_platform_lib/kds/KL26Z4/debug/libksdk_platform.a(fsl_clock_manager.o)
 .text.OSC_HAL_SetExternalRefClkInStopModeCmd
                0x0000a434       0x28 C:/Freescale/KSDK_1.3.0/lib/ksdk_platform_lib/kds/KL26Z4/debug/libksdk_platform.a(fsl_clock_manager.o)
 .text.CLOCK_SYS_BootToPee
                0x0000a45c       0xd0 C:/Freescale/KSDK_1.3.0/lib/ksdk_platform_lib/kds/KL26Z4/debug/libksdk_platform.a(fsl_clock_manager.o)
                0x0000a45c                CLOCK_SYS_BootToPee
 .text.CLOCK_SYS_OscInit
                0x0000a52c       0xf0 C:/Freescale/KSDK_1.3.0/lib/ksdk_platform_lib/kds/KL26Z4/debug/libksdk_platform.a(fsl_clock_manager.o)
                0x0000a52c                CLOCK_SYS_OscInit
 .text.CLOCK_SYS_SetOscerConfigration
                0x0000a61c       0x3c C:/Freescale/KSDK_1.3.0/lib/ksdk_platform_lib/kds/KL26Z4/debug/libksdk_platform.a(fsl_clock_manager.o)
                0x0000a61c                CLOCK_SYS_SetOscerConfigration
 .text.SPI_HAL_SetTxDmaCmd
                0x0000a658       0x28 C:/Freescale/KSDK_1.3.0/lib/ksdk_platform_lib/kds/KL26Z4/debug/libksdk_platform.a(fsl_spi_dma_slave_driver.o)
 .text.SPI_HAL_SetRxDmaCmd
                0x0000a680       0x28 C:/Freescale/KSDK_1.3.0/lib/ksdk_platform_lib/kds/KL26Z4/debug/libksdk_platform.a(fsl_spi_dma_slave_driver.o)
 .text.SPI_HAL_IsReadBuffFullPending
                0x0000a6a8       0x20 C:/Freescale/KSDK_1.3.0/lib/ksdk_platform_lib/kds/KL26Z4/debug/libksdk_platform.a(fsl_spi_dma_slave_driver.o)
 .text.SPI_HAL_ReadDataHigh
                0x0000a6c8       0x18 C:/Freescale/KSDK_1.3.0/lib/ksdk_platform_lib/kds/KL26Z4/debug/libksdk_platform.a(fsl_spi_dma_slave_driver.o)
 .text.SPI_HAL_ReadDataLow
                0x0000a6e0       0x18 C:/Freescale/KSDK_1.3.0/lib/ksdk_platform_lib/kds/KL26Z4/debug/libksdk_platform.a(fsl_spi_dma_slave_driver.o)
 .text.SPI_HAL_GetFifoCmd
                0x0000a6f8       0x24 C:/Freescale/KSDK_1.3.0/lib/ksdk_platform_lib/kds/KL26Z4/debug/libksdk_platform.a(fsl_spi_dma_slave_driver.o)
 .text.SPI_HAL_GetFifoStatusFlag
                0x0000a71c       0x34 C:/Freescale/KSDK_1.3.0/lib/ksdk_platform_lib/kds/KL26Z4/debug/libksdk_platform.a(fsl_spi_dma_slave_driver.o)
 .text.SPI_DRV_DmaSlaveCompleteTransfer
                0x0000a750      0x104 C:/Freescale/KSDK_1.3.0/lib/ksdk_platform_lib/kds/KL26Z4/debug/libksdk_platform.a(fsl_spi_dma_slave_driver.o)
 .text.SPI_DRV_DmaSlaveIRQHandler
                0x0000a854      0x104 C:/Freescale/KSDK_1.3.0/lib/ksdk_platform_lib/kds/KL26Z4/debug/libksdk_platform.a(fsl_spi_dma_slave_driver.o)
                0x0000a854                SPI_DRV_DmaSlaveIRQHandler
 .text.CLOCK_HAL_SetOutDiv
                0x0000a958       0x50 C:/Freescale/KSDK_1.3.0/lib/ksdk_platform_lib/kds/KL26Z4/debug/libksdk_platform.a(fsl_sim_hal_MKL26Z4.o)
                0x0000a958                CLOCK_HAL_SetOutDiv
 .text.OSC_HAL_SetCapacitor
                0x0000a9a8       0x28 C:/Freescale/KSDK_1.3.0/lib/ksdk_platform_lib/kds/KL26Z4/debug/libksdk_platform.a(fsl_osc_hal.o)
                0x0000a9a8                OSC_HAL_SetCapacitor
 .text.CLOCK_HAL_GetClkOutStat
                0x0000a9d0       0x20 C:/Freescale/KSDK_1.3.0/lib/ksdk_platform_lib/kds/KL26Z4/debug/libksdk_platform.a(fsl_mcg_hal.o)
 .text.CLOCK_HAL_SetInternalRefClkMode
                0x0000a9f0       0x24 C:/Freescale/KSDK_1.3.0/lib/ksdk_platform_lib/kds/KL26Z4/debug/libksdk_platform.a(fsl_mcg_hal.o)
 .text.CLOCK_HAL_GetInternalRefClkMode
                0x0000aa14       0x20 C:/Freescale/KSDK_1.3.0/lib/ksdk_platform_lib/kds/KL26Z4/debug/libksdk_platform.a(fsl_mcg_hal.o)
 .text.CLOCK_HAL_IsPllSelected
                0x0000aa34       0x24 C:/Freescale/KSDK_1.3.0/lib/ksdk_platform_lib/kds/KL26Z4/debug/libksdk_platform.a(fsl_mcg_hal.o)
 .text.CLOCK_HAL_IsOsc0Stable
                0x0000aa58       0x24 C:/Freescale/KSDK_1.3.0/lib/ksdk_platform_lib/kds/KL26Z4/debug/libksdk_platform.a(fsl_mcg_hal.o)
 .text.CLOCK_HAL_PrepareOsc
                0x0000aa7c       0x3c C:/Freescale/KSDK_1.3.0/lib/ksdk_platform_lib/kds/KL26Z4/debug/libksdk_platform.a(fsl_mcg_hal.o)
                0x0000aa7c                CLOCK_HAL_PrepareOsc
 .text.CLOCK_HAL_GetMcgExternalClkFreq
                0x0000aab8       0x18 C:/Freescale/KSDK_1.3.0/lib/ksdk_platform_lib/kds/KL26Z4/debug/libksdk_platform.a(fsl_mcg_hal.o)
 .text.CLOCK_HAL_TestFllExternalRefFreq
                0x0000aad0       0x7c C:/Freescale/KSDK_1.3.0/lib/ksdk_platform_lib/kds/KL26Z4/debug/libksdk_platform.a(fsl_mcg_hal.o)
                0x0000aad0                CLOCK_HAL_TestFllExternalRefFreq
 .text.CLOCK_HAL_GetFllRefClk
                0x0000ab4c       0x8c C:/Freescale/KSDK_1.3.0/lib/ksdk_platform_lib/kds/KL26Z4/debug/libksdk_platform.a(fsl_mcg_hal.o)
                0x0000ab4c                CLOCK_HAL_GetFllRefClk
 .text.CLOCK_HAL_TestFllFreq
                0x0000abd8       0x6c C:/Freescale/KSDK_1.3.0/lib/ksdk_platform_lib/kds/KL26Z4/debug/libksdk_platform.a(fsl_mcg_hal.o)
                0x0000abd8                CLOCK_HAL_TestFllFreq
 .text.CLOCK_HAL_GetFllClk
                0x0000ac44       0x7c C:/Freescale/KSDK_1.3.0/lib/ksdk_platform_lib/kds/KL26Z4/debug/libksdk_platform.a(fsl_mcg_hal.o)
                0x0000ac44                CLOCK_HAL_GetFllClk
 .text.CLOCK_HAL_UpdateFastClkInternalRefDiv
                0x0000acc0       0xb8 C:/Freescale/KSDK_1.3.0/lib/ksdk_platform_lib/kds/KL26Z4/debug/libksdk_platform.a(fsl_mcg_hal.o)
                0x0000acc0                CLOCK_HAL_UpdateFastClkInternalRefDiv
 .text.CLOCK_HAL_UpdateInternalRefClk
                0x0000ad78       0x8c C:/Freescale/KSDK_1.3.0/lib/ksdk_platform_lib/kds/KL26Z4/debug/libksdk_platform.a(fsl_mcg_hal.o)
                0x0000ad78                CLOCK_HAL_UpdateInternalRefClk
 .text.CLOCK_HAL_GetPll0RefFreq
                0x0000ae04       0x1c C:/Freescale/KSDK_1.3.0/lib/ksdk_platform_lib/kds/KL26Z4/debug/libksdk_platform.a(fsl_mcg_hal.o)
                0x0000ae04                CLOCK_HAL_GetPll0RefFreq
 .text.CLOCK_HAL_GetPll0Clk
                0x0000ae20       0x90 C:/Freescale/KSDK_1.3.0/lib/ksdk_platform_lib/kds/KL26Z4/debug/libksdk_platform.a(fsl_mcg_hal.o)
                0x0000ae20                CLOCK_HAL_GetPll0Clk
 .text.CLOCK_HAL_GetInternalRefClk
                0x0000aeb0       0x64 C:/Freescale/KSDK_1.3.0/lib/ksdk_platform_lib/kds/KL26Z4/debug/libksdk_platform.a(fsl_mcg_hal.o)
                0x0000aeb0                CLOCK_HAL_GetInternalRefClk
 .text.CLOCK_HAL_GetOutClk
                0x0000af14       0x7c C:/Freescale/KSDK_1.3.0/lib/ksdk_platform_lib/kds/KL26Z4/debug/libksdk_platform.a(fsl_mcg_hal.o)
                0x0000af14                CLOCK_HAL_GetOutClk
 .text.CLOCK_HAL_SetOsc0Mode
                0x0000af90       0x68 C:/Freescale/KSDK_1.3.0/lib/ksdk_platform_lib/kds/KL26Z4/debug/libksdk_platform.a(fsl_mcg_hal.o)
                0x0000af90                CLOCK_HAL_SetOsc0Mode
 .text.CLOCK_HAL_GetClkOutStat
                0x0000aff8       0x20 C:/Freescale/KSDK_1.3.0/lib/ksdk_platform_lib/kds/KL26Z4/debug/libksdk_platform.a(fsl_mcg_hal_modes.o)
 .text.CLOCK_HAL_SetPll0EnableCmd
                0x0000b018       0x28 C:/Freescale/KSDK_1.3.0/lib/ksdk_platform_lib/kds/KL26Z4/debug/libksdk_platform.a(fsl_mcg_hal_modes.o)
 .text.CLOCK_HAL_IsPll0Locked
                0x0000b040       0x24 C:/Freescale/KSDK_1.3.0/lib/ksdk_platform_lib/kds/KL26Z4/debug/libksdk_platform.a(fsl_mcg_hal_modes.o)
 .text.CLOCK_HAL_IsPllSelected
                0x0000b064       0x24 C:/Freescale/KSDK_1.3.0/lib/ksdk_platform_lib/kds/KL26Z4/debug/libksdk_platform.a(fsl_mcg_hal_modes.o)
 .text.CLOCK_HAL_SetPbeMode
                0x0000b088      0x100 C:/Freescale/KSDK_1.3.0/lib/ksdk_platform_lib/kds/KL26Z4/debug/libksdk_platform.a(fsl_mcg_hal_modes.o)
                0x0000b088                CLOCK_HAL_SetPbeMode
 .text.I2C_HAL_SetDirMode
                0x0000b188       0x28 C:/Freescale/KSDK_1.3.0/lib/ksdk_platform_lib/kds/KL26Z4/debug/libksdk_platform.a(fsl_i2c_slave_driver.o)
 .text.I2C_HAL_GetDirMode
                0x0000b1b0       0x20 C:/Freescale/KSDK_1.3.0/lib/ksdk_platform_lib/kds/KL26Z4/debug/libksdk_platform.a(fsl_i2c_slave_driver.o)
 .text.I2C_HAL_ReadByte
                0x0000b1d0       0x18 C:/Freescale/KSDK_1.3.0/lib/ksdk_platform_lib/kds/KL26Z4/debug/libksdk_platform.a(fsl_i2c_slave_driver.o)
 .text.I2C_HAL_WriteByte
                0x0000b1e8       0x1c C:/Freescale/KSDK_1.3.0/lib/ksdk_platform_lib/kds/KL26Z4/debug/libksdk_platform.a(fsl_i2c_slave_driver.o)
 .text.I2C_HAL_GetStatusFlag
                0x0000b204       0x34 C:/Freescale/KSDK_1.3.0/lib/ksdk_platform_lib/kds/KL26Z4/debug/libksdk_platform.a(fsl_i2c_slave_driver.o)
 .text.I2C_HAL_SetIntCmd
                0x0000b238       0x28 C:/Freescale/KSDK_1.3.0/lib/ksdk_platform_lib/kds/KL26Z4/debug/libksdk_platform.a(fsl_i2c_slave_driver.o)
 .text.I2C_HAL_ClearInt
                0x0000b260       0x14 C:/Freescale/KSDK_1.3.0/lib/ksdk_platform_lib/kds/KL26Z4/debug/libksdk_platform.a(fsl_i2c_slave_driver.o)
 .text.I2C_HAL_GetStopFlag
                0x0000b274       0x24 C:/Freescale/KSDK_1.3.0/lib/ksdk_platform_lib/kds/KL26Z4/debug/libksdk_platform.a(fsl_i2c_slave_driver.o)
 .text.I2C_HAL_ClearStopFlag
                0x0000b298       0x1c C:/Freescale/KSDK_1.3.0/lib/ksdk_platform_lib/kds/KL26Z4/debug/libksdk_platform.a(fsl_i2c_slave_driver.o)
 .text.I2C_HAL_GetStartStopIntCmd
                0x0000b2b4       0x24 C:/Freescale/KSDK_1.3.0/lib/ksdk_platform_lib/kds/KL26Z4/debug/libksdk_platform.a(fsl_i2c_slave_driver.o)
 .text.I2C_HAL_GetStartFlag
                0x0000b2d8       0x24 C:/Freescale/KSDK_1.3.0/lib/ksdk_platform_lib/kds/KL26Z4/debug/libksdk_platform.a(fsl_i2c_slave_driver.o)
 .text.I2C_HAL_ClearStartFlag
                0x0000b2fc       0x1c C:/Freescale/KSDK_1.3.0/lib/ksdk_platform_lib/kds/KL26Z4/debug/libksdk_platform.a(fsl_i2c_slave_driver.o)
 .text.I2C_DRV_SlaveIRQHandler
                0x0000b318      0x3d4 C:/Freescale/KSDK_1.3.0/lib/ksdk_platform_lib/kds/KL26Z4/debug/libksdk_platform.a(fsl_i2c_slave_driver.o)
                0x0000b318                I2C_DRV_SlaveIRQHandler
 .text.GPIO_HAL_SetPinDir
                0x0000b6ec       0x6c C:/Freescale/KSDK_1.3.0/lib/ksdk_platform_lib/kds/KL26Z4/debug/libksdk_platform.a(fsl_gpio_hal.o)
                0x0000b6ec                GPIO_HAL_SetPinDir
 .text.GPIO_HAL_WritePinOutput
                0x0000b758       0x50 C:/Freescale/KSDK_1.3.0/lib/ksdk_platform_lib/kds/KL26Z4/debug/libksdk_platform.a(fsl_gpio_hal.o)
                0x0000b758                GPIO_HAL_WritePinOutput
 .text.DMAMUX_HAL_Init
                0x0000b7a8       0x44 C:/Freescale/KSDK_1.3.0/lib/ksdk_platform_lib/kds/KL26Z4/debug/libksdk_platform.a(fsl_dmamux_hal.o)
                0x0000b7a8                DMAMUX_HAL_Init
 .text.DMA_HAL_SetCycleStealCmd
                0x0000b7ec       0x58 C:/Freescale/KSDK_1.3.0/lib/ksdk_platform_lib/kds/KL26Z4/debug/libksdk_platform.a(fsl_dma_hal.o)
 .text.DMA_HAL_ConfigTransfer
                0x0000b844      0x264 C:/Freescale/KSDK_1.3.0/lib/ksdk_platform_lib/kds/KL26Z4/debug/libksdk_platform.a(fsl_dma_hal.o)
                0x0000b844                DMA_HAL_ConfigTransfer
 .text.DMA_HAL_SetChanLink
                0x0000baa8      0x124 C:/Freescale/KSDK_1.3.0/lib/ksdk_platform_lib/kds/KL26Z4/debug/libksdk_platform.a(fsl_dma_hal.o)
                0x0000baa8                DMA_HAL_SetChanLink
 .text.DMA_HAL_GetStatus
                0x0000bbcc       0xe8 C:/Freescale/KSDK_1.3.0/lib/ksdk_platform_lib/kds/KL26Z4/debug/libksdk_platform.a(fsl_dma_hal.o)
                0x0000bbcc                DMA_HAL_GetStatus
 .text.__assert_func
                0x0000bcb4       0x3c c:/freescale/kds_v3/toolchain/bin/../lib/gcc/arm-none-eabi/4.8.4/../../../../arm-none-eabi/lib/armv6-m\libg_s.a(lib_a-assert.o)
                0x0000bcb4                __assert_func
 .text.calloc   0x0000bcf0       0x18 c:/freescale/kds_v3/toolchain/bin/../lib/gcc/arm-none-eabi/4.8.4/../../../../arm-none-eabi/lib/armv6-m\libg_s.a(lib_a-calloc.o)
                0x0000bcf0                calloc
 .text.__errno  0x0000bd08        0xc c:/freescale/kds_v3/toolchain/bin/../lib/gcc/arm-none-eabi/4.8.4/../../../../arm-none-eabi/lib/armv6-m\libg_s.a(lib_a-errno.o)
                0x0000bd08                __errno
 .text.exit     0x0000bd14       0x2c c:/freescale/kds_v3/toolchain/bin/../lib/gcc/arm-none-eabi/4.8.4/../../../../arm-none-eabi/lib/armv6-m\libg_s.a(lib_a-exit.o)
                0x0000bd14                exit
 .text.fprintf  0x0000bd40       0x24 c:/freescale/kds_v3/toolchain/bin/../lib/gcc/arm-none-eabi/4.8.4/../../../../arm-none-eabi/lib/armv6-m\libg_s.a(lib_a-fprintf.o)
                0x0000bd40                fiprintf
                0x0000bd40                fprintf
 .text.__libc_init_array
                0x0000bd64       0x4c c:/freescale/kds_v3/toolchain/bin/../lib/gcc/arm-none-eabi/4.8.4/../../../../arm-none-eabi/lib/armv6-m\libg_s.a(lib_a-init.o)
                0x0000bd64                __libc_init_array
 .text.free     0x0000bdb0       0x14 c:/freescale/kds_v3/toolchain/bin/../lib/gcc/arm-none-eabi/4.8.4/../../../../arm-none-eabi/lib/armv6-m\libg_s.a(lib_a-malloc.o)
                0x0000bdb0                free
 .text.memcpy   0x0000bdc4       0x12 c:/freescale/kds_v3/toolchain/bin/../lib/gcc/arm-none-eabi/4.8.4/../../../../arm-none-eabi/lib/armv6-m\libg_s.a(lib_a-memcpy-stub.o)
                0x0000bdc4                memcpy
 .text.memset   0x0000bdd6       0x10 c:/freescale/kds_v3/toolchain/bin/../lib/gcc/arm-none-eabi/4.8.4/../../../../arm-none-eabi/lib/armv6-m\libg_s.a(lib_a-memset.o)
                0x0000bdd6                memset
 .text._calloc_r
                0x0000bde6       0x1c c:/freescale/kds_v3/toolchain/bin/../lib/gcc/arm-none-eabi/4.8.4/../../../../arm-none-eabi/lib/armv6-m\libg_s.a(lib_a-nano-callocr.o)
                0x0000bde6                _calloc_r
 *fill*         0x0000be02        0x2 
 .text._free_r  0x0000be04       0x90 c:/freescale/kds_v3/toolchain/bin/../lib/gcc/arm-none-eabi/4.8.4/../../../../arm-none-eabi/lib/armv6-m\libg_s.a(lib_a-nano-freer.o)
                0x0000be04                _free_r
 .text._malloc_r
                0x0000be94       0xa8 c:/freescale/kds_v3/toolchain/bin/../lib/gcc/arm-none-eabi/4.8.4/../../../../arm-none-eabi/lib/armv6-m\libg_s.a(lib_a-nano-mallocr.o)
                0x0000be94                _malloc_r
 .text.printf   0x0000bf3c       0x34 c:/freescale/kds_v3/toolchain/bin/../lib/gcc/arm-none-eabi/4.8.4/../../../../arm-none-eabi/lib/armv6-m\libg_s.a(lib_a-printf.o)
                0x0000bf3c                iprintf
                0x0000bf3c                printf
 .text._puts_r  0x0000bf70       0xc2 c:/freescale/kds_v3/toolchain/bin/../lib/gcc/arm-none-eabi/4.8.4/../../../../arm-none-eabi/lib/armv6-m\libg_s.a(lib_a-puts.o)
                0x0000bf70                _puts_r
 *fill*         0x0000c032        0x2 
 .text.puts     0x0000c034       0x14 c:/freescale/kds_v3/toolchain/bin/../lib/gcc/arm-none-eabi/4.8.4/../../../../arm-none-eabi/lib/armv6-m\libg_s.a(lib_a-puts.o)
                0x0000c034                puts
 .text._sbrk_r  0x0000c048       0x24 c:/freescale/kds_v3/toolchain/bin/../lib/gcc/arm-none-eabi/4.8.4/../../../../arm-none-eabi/lib/armv6-m\libg_s.a(lib_a-sbrkr.o)
                0x0000c048                _sbrk_r
 .text.sprintf  0x0000c06c       0x44 c:/freescale/kds_v3/toolchain/bin/../lib/gcc/arm-none-eabi/4.8.4/../../../../arm-none-eabi/lib/armv6-m\libg_s.a(lib_a-sprintf.o)
                0x0000c06c                siprintf
                0x0000c06c                sprintf
 .text.strlen   0x0000c0b0        0xe c:/freescale/kds_v3/toolchain/bin/../lib/gcc/arm-none-eabi/4.8.4/../../../../arm-none-eabi/lib/armv6-m\libg_s.a(lib_a-strlen.o)
                0x0000c0b0                strlen
 *fill*         0x0000c0be        0x2 
 .text.__ssputs_r
                0x0000c0c0       0xc0 c:/freescale/kds_v3/toolchain/bin/../lib/gcc/arm-none-eabi/4.8.4/../../../../arm-none-eabi/lib/armv6-m\libg_s.a(lib_a-svfprintf.o)
                0x0000c0c0                __ssputs_r
 .text._svfprintf_r
                0x0000c180      0x1e0 c:/freescale/kds_v3/toolchain/bin/../lib/gcc/arm-none-eabi/4.8.4/../../../../arm-none-eabi/lib/armv6-m\libg_s.a(lib_a-svfprintf.o)
                0x0000c180                _svfiprintf_r
                0x0000c180                _svfprintf_r
 .text.__sfputc_r
                0x0000c360       0x2a c:/freescale/kds_v3/toolchain/bin/../lib/gcc/arm-none-eabi/4.8.4/../../../../arm-none-eabi/lib/armv6-m\libg_s.a(lib_a-vfprintf.o)
 .text.__sfputs_r
                0x0000c38a       0x24 c:/freescale/kds_v3/toolchain/bin/../lib/gcc/arm-none-eabi/4.8.4/../../../../arm-none-eabi/lib/armv6-m\libg_s.a(lib_a-vfprintf.o)
                0x0000c38a                __sfputs_r
 *fill*         0x0000c3ae        0x2 
 .text._vfprintf_r
                0x0000c3b0      0x210 c:/freescale/kds_v3/toolchain/bin/../lib/gcc/arm-none-eabi/4.8.4/../../../../arm-none-eabi/lib/armv6-m\libg_s.a(lib_a-vfprintf.o)
                0x0000c3b0                _vfprintf_r
                0x0000c3b0                _vfiprintf_r
 .text._printf_common
                0x0000c5c0       0xe8 c:/freescale/kds_v3/toolchain/bin/../lib/gcc/arm-none-eabi/4.8.4/../../../../arm-none-eabi/lib/armv6-m\libg_s.a(lib_a-vfprintf_i.o)
                0x0000c5c0                _printf_common
 .text._printf_i
                0x0000c6a8      0x22c c:/freescale/kds_v3/toolchain/bin/../lib/gcc/arm-none-eabi/4.8.4/../../../../arm-none-eabi/lib/armv6-m\libg_s.a(lib_a-vfprintf_i.o)
                0x0000c6a8                _printf_i
 .text.__swbuf_r
                0x0000c8d4       0xb0 c:/freescale/kds_v3/toolchain/bin/../lib/gcc/arm-none-eabi/4.8.4/../../../../arm-none-eabi/lib/armv6-m\libg_s.a(lib_a-wbuf.o)
                0x0000c8d4                __swbuf_r
 .text.__swsetup_r
                0x0000c984       0xe4 c:/freescale/kds_v3/toolchain/bin/../lib/gcc/arm-none-eabi/4.8.4/../../../../arm-none-eabi/lib/armv6-m\libg_s.a(lib_a-wsetup.o)
                0x0000c984                __swsetup_r
 .text.abort    0x0000ca68        0xe c:/freescale/kds_v3/toolchain/bin/../lib/gcc/arm-none-eabi/4.8.4/../../../../arm-none-eabi/lib/armv6-m\libg_s.a(lib_a-abort.o)
                0x0000ca68                abort
 .text.__sflush_r
                0x0000ca76      0x112 c:/freescale/kds_v3/toolchain/bin/../lib/gcc/arm-none-eabi/4.8.4/../../../../arm-none-eabi/lib/armv6-m\libg_s.a(lib_a-fflush.o)
                0x0000ca76                __sflush_r
 .text._fflush_r
                0x0000cb88       0x58 c:/freescale/kds_v3/toolchain/bin/../lib/gcc/arm-none-eabi/4.8.4/../../../../arm-none-eabi/lib/armv6-m\libg_s.a(lib_a-fflush.o)
                0x0000cb88                _fflush_r
 .text._cleanup_r
                0x0000cbe0       0x34 c:/freescale/kds_v3/toolchain/bin/../lib/gcc/arm-none-eabi/4.8.4/../../../../arm-none-eabi/lib/armv6-m\libg_s.a(lib_a-findfp.o)
                0x0000cbe0                _cleanup_r
 .text.std.isra.0
                0x0000cc14       0x48 c:/freescale/kds_v3/toolchain/bin/../lib/gcc/arm-none-eabi/4.8.4/../../../../arm-none-eabi/lib/armv6-m\libg_s.a(lib_a-findfp.o)
 .text.__sfmoreglue
                0x0000cc5c       0x2c c:/freescale/kds_v3/toolchain/bin/../lib/gcc/arm-none-eabi/4.8.4/../../../../arm-none-eabi/lib/armv6-m\libg_s.a(lib_a-findfp.o)
                0x0000cc5c                __sfmoreglue
 .text.__sinit  0x0000cc88       0x64 c:/freescale/kds_v3/toolchain/bin/../lib/gcc/arm-none-eabi/4.8.4/../../../../arm-none-eabi/lib/armv6-m\libg_s.a(lib_a-findfp.o)
                0x0000cc88                __sinit
 .text.__sfp    0x0000ccec       0x7c c:/freescale/kds_v3/toolchain/bin/../lib/gcc/arm-none-eabi/4.8.4/../../../../arm-none-eabi/lib/armv6-m\libg_s.a(lib_a-findfp.o)
                0x0000ccec                __sfp
 .text.__smakebuf_r
                0x0000cd68       0xa0 c:/freescale/kds_v3/toolchain/bin/../lib/gcc/arm-none-eabi/4.8.4/../../../../arm-none-eabi/lib/armv6-m\libg_s.a(lib_a-makebuf.o)
                0x0000cd68                __smakebuf_r
 .text.memchr   0x0000ce08       0x16 c:/freescale/kds_v3/toolchain/bin/../lib/gcc/arm-none-eabi/4.8.4/../../../../arm-none-eabi/lib/armv6-m\libg_s.a(lib_a-memchr-stub.o)
                0x0000ce08                memchr
 .text.memmove  0x0000ce1e       0x32 c:/freescale/kds_v3/toolchain/bin/../lib/gcc/arm-none-eabi/4.8.4/../../../../arm-none-eabi/lib/armv6-m\libg_s.a(lib_a-memmove.o)
                0x0000ce1e                memmove
 .text._realloc_r
                0x0000ce50       0x4c c:/freescale/kds_v3/toolchain/bin/../lib/gcc/arm-none-eabi/4.8.4/../../../../arm-none-eabi/lib/armv6-m\libg_s.a(lib_a-nano-reallocr.o)
                0x0000ce50                _realloc_r
 .text._raise_r
                0x0000ce9c       0x56 c:/freescale/kds_v3/toolchain/bin/../lib/gcc/arm-none-eabi/4.8.4/../../../../arm-none-eabi/lib/armv6-m\libg_s.a(lib_a-signal.o)
                0x0000ce9c                _raise_r
 *fill*         0x0000cef2        0x2 
 .text.raise    0x0000cef4       0x14 c:/freescale/kds_v3/toolchain/bin/../lib/gcc/arm-none-eabi/4.8.4/../../../../arm-none-eabi/lib/armv6-m\libg_s.a(lib_a-signal.o)
                0x0000cef4                raise
 .text._kill_r  0x0000cf08       0x24 c:/freescale/kds_v3/toolchain/bin/../lib/gcc/arm-none-eabi/4.8.4/../../../../arm-none-eabi/lib/armv6-m\libg_s.a(lib_a-signalr.o)
                0x0000cf08                _kill_r
 .text._getpid_r
                0x0000cf2c        0x8 c:/freescale/kds_v3/toolchain/bin/../lib/gcc/arm-none-eabi/4.8.4/../../../../arm-none-eabi/lib/armv6-m\libg_s.a(lib_a-signalr.o)
                0x0000cf2c                _getpid_r
 .text.__sread  0x0000cf34       0x28 c:/freescale/kds_v3/toolchain/bin/../lib/gcc/arm-none-eabi/4.8.4/../../../../arm-none-eabi/lib/armv6-m\libg_s.a(lib_a-stdio.o)
                0x0000cf34                __sread
 .text.__swrite
                0x0000cf5c       0x38 c:/freescale/kds_v3/toolchain/bin/../lib/gcc/arm-none-eabi/4.8.4/../../../../arm-none-eabi/lib/armv6-m\libg_s.a(lib_a-stdio.o)
                0x0000cf5c                __swrite
 .text.__sseek  0x0000cf94       0x2c c:/freescale/kds_v3/toolchain/bin/../lib/gcc/arm-none-eabi/4.8.4/../../../../arm-none-eabi/lib/armv6-m\libg_s.a(lib_a-stdio.o)
                0x0000cf94                __sseek
 .text.__sclose
                0x0000cfc0        0xc c:/freescale/kds_v3/toolchain/bin/../lib/gcc/arm-none-eabi/4.8.4/../../../../arm-none-eabi/lib/armv6-m\libg_s.a(lib_a-stdio.o)
                0x0000cfc0                __sclose
 .text._write_r
                0x0000cfcc       0x28 c:/freescale/kds_v3/toolchain/bin/../lib/gcc/arm-none-eabi/4.8.4/../../../../arm-none-eabi/lib/armv6-m\libg_s.a(lib_a-writer.o)
                0x0000cfcc                _write_r
 .text._close_r
                0x0000cff4       0x24 c:/freescale/kds_v3/toolchain/bin/../lib/gcc/arm-none-eabi/4.8.4/../../../../arm-none-eabi/lib/armv6-m\libg_s.a(lib_a-closer.o)
                0x0000cff4                _close_r
 .text._fstat_r
                0x0000d018       0x24 c:/freescale/kds_v3/toolchain/bin/../lib/gcc/arm-none-eabi/4.8.4/../../../../arm-none-eabi/lib/armv6-m\libg_s.a(lib_a-fstatr.o)
                0x0000d018                _fstat_r
 .text._isatty_r
                0x0000d03c       0x24 c:/freescale/kds_v3/toolchain/bin/../lib/gcc/arm-none-eabi/4.8.4/../../../../arm-none-eabi/lib/armv6-m\libg_s.a(lib_a-isattyr.o)
                0x0000d03c                _isatty_r
 .text._lseek_r
                0x0000d060       0x28 c:/freescale/kds_v3/toolchain/bin/../lib/gcc/arm-none-eabi/4.8.4/../../../../arm-none-eabi/lib/armv6-m\libg_s.a(lib_a-lseekr.o)
                0x0000d060                _lseek_r
 .text._malloc_usable_size_r
                0x0000d088       0x12 c:/freescale/kds_v3/toolchain/bin/../lib/gcc/arm-none-eabi/4.8.4/../../../../arm-none-eabi/lib/armv6-m\libg_s.a(lib_a-nano-msizer.o)
                0x0000d088                _malloc_usable_size_r
 *fill*         0x0000d09a        0x2 
 .text._read_r  0x0000d09c       0x28 c:/freescale/kds_v3/toolchain/bin/../lib/gcc/arm-none-eabi/4.8.4/../../../../arm-none-eabi/lib/armv6-m\libg_s.a(lib_a-readr.o)
                0x0000d09c                _read_r
 .text._close   0x0000d0c4       0x10 c:/freescale/kds_v3/toolchain/bin/../lib/gcc/arm-none-eabi/4.8.4/../../../../arm-none-eabi/lib/armv6-m\libnosys.a(close.o)
                0x0000d0c4                _close
 .text._fstat   0x0000d0d4       0x10 c:/freescale/kds_v3/toolchain/bin/../lib/gcc/arm-none-eabi/4.8.4/../../../../arm-none-eabi/lib/armv6-m\libnosys.a(fstat.o)
                0x0000d0d4                _fstat
 .text._getpid  0x0000d0e4       0x10 c:/freescale/kds_v3/toolchain/bin/../lib/gcc/arm-none-eabi/4.8.4/../../../../arm-none-eabi/lib/armv6-m\libnosys.a(getpid.o)
                0x0000d0e4                _getpid
 .text._isatty  0x0000d0f4       0x10 c:/freescale/kds_v3/toolchain/bin/../lib/gcc/arm-none-eabi/4.8.4/../../../../arm-none-eabi/lib/armv6-m\libnosys.a(isatty.o)
                0x0000d0f4                _isatty
 .text._kill    0x0000d104       0x10 c:/freescale/kds_v3/toolchain/bin/../lib/gcc/arm-none-eabi/4.8.4/../../../../arm-none-eabi/lib/armv6-m\libnosys.a(kill.o)
                0x0000d104                _kill
 .text._lseek   0x0000d114       0x10 c:/freescale/kds_v3/toolchain/bin/../lib/gcc/arm-none-eabi/4.8.4/../../../../arm-none-eabi/lib/armv6-m\libnosys.a(lseek.o)
                0x0000d114                _lseek
 .text._exit    0x0000d124        0x4 c:/freescale/kds_v3/toolchain/bin/../lib/gcc/arm-none-eabi/4.8.4/../../../../arm-none-eabi/lib/armv6-m\libnosys.a(_exit.o)
                0x0000d124                _exit
 *(.rodata)
 .rodata        0x0000d128       0x34 ./fatfs/fsl_sd_disk/src/fsl_sdspi_disk.o
 .rodata        0x0000d15c       0x54 ./fatfs/ff.o
 .rodata        0x0000d1b0      0x284 ./Sources/main.o
 .rodata        0x0000d434        0xc ./SDK/platform/utilities/src/fsl_debug_console.o
 .rodata        0x0000d440       0x64 ./SDK/platform/osa/src/fsl_os_abstraction_bm.o
 .rodata        0x0000d4a4      0x214 ./SDK/composite/src/sdcard/fsl_sdcard_spi.o
 .rodata        0x0000d6b8       0x44 ./SDK/board/board.o
 .rodata        0x0000d6fc       0x44 ./SDK/board/pin_mux.o
 .rodata        0x0000d740      0x190 ./9555/U1P_9555.o
 .rodata        0x0000d8d0      0x134 C:/Freescale/KSDK_1.3.0/lib/ksdk_platform_lib/kds/KL26Z4/debug/libksdk_platform.a(fsl_spi_dma_master_driver.o)
 .rodata        0x0000da04      0x104 C:/Freescale/KSDK_1.3.0/lib/ksdk_platform_lib/kds/KL26Z4/debug/libksdk_platform.a(fsl_spi_master_driver.o)
 .rodata        0x0000db08       0xb4 C:/Freescale/KSDK_1.3.0/lib/ksdk_platform_lib/kds/KL26Z4/debug/libksdk_platform.a(fsl_spi_dma_shared_function.o)
 .rodata        0x0000dbbc       0x58 C:/Freescale/KSDK_1.3.0/lib/ksdk_platform_lib/kds/KL26Z4/debug/libksdk_platform.a(fsl_i2c_hal.o)
 .rodata        0x0000dc14      0x104 C:/Freescale/KSDK_1.3.0/lib/ksdk_platform_lib/kds/KL26Z4/debug/libksdk_platform.a(fsl_i2c_master_driver.o)
 .rodata        0x0000dd18       0x6c C:/Freescale/KSDK_1.3.0/lib/ksdk_platform_lib/kds/KL26Z4/debug/libksdk_platform.a(fsl_i2c_shared_function.o)
 .rodata        0x0000dd84       0xf0 C:/Freescale/KSDK_1.3.0/lib/ksdk_platform_lib/kds/KL26Z4/debug/libksdk_platform.a(fsl_gpio_driver.o)
 .rodata        0x0000de74      0x1a4 C:/Freescale/KSDK_1.3.0/lib/ksdk_platform_lib/kds/KL26Z4/debug/libksdk_platform.a(fsl_dma_driver.o)
 .rodata        0x0000e018      0x22c C:/Freescale/KSDK_1.3.0/lib/ksdk_platform_lib/kds/KL26Z4/debug/libksdk_platform.a(fsl_clock_MKL26Z4.o)
 .rodata        0x0000e244       0xcc C:/Freescale/KSDK_1.3.0/lib/ksdk_platform_lib/kds/KL26Z4/debug/libksdk_platform.a(fsl_clock_manager.o)
 .rodata        0x0000e310       0xf8 C:/Freescale/KSDK_1.3.0/lib/ksdk_platform_lib/kds/KL26Z4/debug/libksdk_platform.a(fsl_i2c_slave_driver.o)
 .rodata        0x0000e408       0x4c C:/Freescale/KSDK_1.3.0/lib/ksdk_platform_lib/kds/KL26Z4/debug/libksdk_platform.a(fsl_gpio_hal.o)
 .rodata        0x0000e454       0x98 C:/Freescale/KSDK_1.3.0/lib/ksdk_platform_lib/kds/KL26Z4/debug/libksdk_platform.a(fsl_dma_hal.o)
 *(.rodata*)
 .rodata.sdcard_disk_ioctl
                0x0000e4ec       0x38 ./fatfs/fsl_sd_disk/src/fsl_sdspi_disk.o
 .rodata._doprint
                0x0000e524       0xc8 ./SDK/platform/utilities/src/print_scan.o
 .rodata.__func__.6623
                0x0000e5ec       0x10 ./SDK/platform/osa/src/fsl_os_abstraction_bm.o
 .rodata.__func__.6629
                0x0000e5fc       0x10 ./SDK/platform/osa/src/fsl_os_abstraction_bm.o
 .rodata.__func__.6633
                0x0000e60c       0x10 ./SDK/platform/osa/src/fsl_os_abstraction_bm.o
 .rodata.__func__.6637
                0x0000e61c       0x10 ./SDK/platform/osa/src/fsl_os_abstraction_bm.o
 .rodata.__func__.6679
                0x0000e62c       0x10 ./SDK/platform/osa/src/fsl_os_abstraction_bm.o
 .rodata.g_transpeedru
                0x0000e63c       0x10 ./SDK/composite/src/sdcard/fsl_sdcard_spi.o
 .rodata.g_transpeedtv
                0x0000e64c       0x40 ./SDK/composite/src/sdcard/fsl_sdcard_spi.o
 .rodata.crcTable.6445
                0x0000e68c       0x10 ./SDK/composite/src/sdcard/fsl_sdcard_spi.o
 .rodata.__func__.6466
                0x0000e69c       0x18 ./SDK/composite/src/sdcard/fsl_sdcard_spi.o
 .rodata.__func__.6493
                0x0000e6b4       0x14 ./SDK/composite/src/sdcard/fsl_sdcard_spi.o
 .rodata.__func__.6513
                0x0000e6c8       0x18 ./SDK/composite/src/sdcard/fsl_sdcard_spi.o
 .rodata.__func__.6523
                0x0000e6e0       0x18 ./SDK/composite/src/sdcard/fsl_sdcard_spi.o
 .rodata.__func__.6530
                0x0000e6f8       0x14 ./SDK/composite/src/sdcard/fsl_sdcard_spi.o
 .rodata.__func__.6541
                0x0000e70c       0x10 ./SDK/composite/src/sdcard/fsl_sdcard_spi.o
 .rodata.__func__.6550
                0x0000e71c       0x10 ./SDK/composite/src/sdcard/fsl_sdcard_spi.o
 .rodata.__func__.6558
                0x0000e72c       0x14 ./SDK/composite/src/sdcard/fsl_sdcard_spi.o
 .rodata.__func__.6580
                0x0000e740       0x14 ./SDK/composite/src/sdcard/fsl_sdcard_spi.o
 .rodata.__func__.6592
                0x0000e754       0x10 ./SDK/composite/src/sdcard/fsl_sdcard_spi.o
 .rodata.__func__.6609
                0x0000e764       0x18 ./SDK/composite/src/sdcard/fsl_sdcard_spi.o
 .rodata.__func__.6626
                0x0000e77c       0x18 ./SDK/composite/src/sdcard/fsl_sdcard_spi.o
 .rodata.__func__.6636
                0x0000e794       0x18 ./SDK/composite/src/sdcard/fsl_sdcard_spi.o
 .rodata.__func__.6641
                0x0000e7ac       0x14 ./SDK/composite/src/sdcard/fsl_sdcard_spi.o
 .rodata.g_defaultClockConfigRun
                0x0000e7c0       0x14 ./SDK/board/board.o
                0x0000e7c0                g_defaultClockConfigRun
 .rodata.__func__.5152
                0x0000e7d4       0x14 ./SDK/board/board.o
 .rodata.__func__.5130
                0x0000e7e8       0x14 ./SDK/board/pin_mux.o
 .rodata.__func__.5106
                0x0000e7fc       0x14 ./SDK/board/pin_mux.o
 .rodata.__func__.5100
                0x0000e810       0x18 ./SDK/board/pin_mux.o
 .rodata.__func__.5118
                0x0000e828       0x20 ./SDK/board/pin_mux.o
 .rodata.slave  0x0000e848        0x8 ./9555/U1P_9555.o
                0x0000e848                slave
 .rodata.__func__.7202
                0x0000e850       0x14 C:/Freescale/KSDK_1.3.0/lib/ksdk_platform_lib/kds/KL26Z4/debug/libksdk_platform.a(fsl_spi_dma_master_driver.o)
 .rodata.__func__.7281
                0x0000e864       0x20 C:/Freescale/KSDK_1.3.0/lib/ksdk_platform_lib/kds/KL26Z4/debug/libksdk_platform.a(fsl_spi_dma_master_driver.o)
 .rodata.__func__.6848
                0x0000e884       0x14 C:/Freescale/KSDK_1.3.0/lib/ksdk_platform_lib/kds/KL26Z4/debug/libksdk_platform.a(fsl_spi_master_driver.o)
 .rodata.g_spiBase
                0x0000e898        0x8 C:/Freescale/KSDK_1.3.0/lib/ksdk_platform_lib/kds/KL26Z4/debug/libksdk_platform.a(fsl_spi_common.o)
                0x0000e898                g_spiBase
 .rodata.g_spiFifoSize
                0x0000e8a0        0x8 C:/Freescale/KSDK_1.3.0/lib/ksdk_platform_lib/kds/KL26Z4/debug/libksdk_platform.a(fsl_spi_common.o)
                0x0000e8a0                g_spiFifoSize
 .rodata.g_spiIrqId
                0x0000e8a8        0x4 C:/Freescale/KSDK_1.3.0/lib/ksdk_platform_lib/kds/KL26Z4/debug/libksdk_platform.a(fsl_spi_common.o)
                0x0000e8a8                g_spiIrqId
 .rodata.__func__.5198
                0x0000e8ac       0x18 C:/Freescale/KSDK_1.3.0/lib/ksdk_platform_lib/kds/KL26Z4/debug/libksdk_platform.a(fsl_spi_dma_shared_function.o)
 .rodata.kI2CDividerTable
                0x0000e8c4       0xc8 C:/Freescale/KSDK_1.3.0/lib/ksdk_platform_lib/kds/KL26Z4/debug/libksdk_platform.a(fsl_i2c_hal.o)
                0x0000e8c4                kI2CDividerTable
 .rodata.__func__.5220
                0x0000e98c       0x14 C:/Freescale/KSDK_1.3.0/lib/ksdk_platform_lib/kds/KL26Z4/debug/libksdk_platform.a(fsl_i2c_hal.o)
 .rodata.__func__.6934
                0x0000e9a0       0x14 C:/Freescale/KSDK_1.3.0/lib/ksdk_platform_lib/kds/KL26Z4/debug/libksdk_platform.a(fsl_i2c_master_driver.o)
 .rodata.__func__.6891
                0x0000e9b4       0x14 C:/Freescale/KSDK_1.3.0/lib/ksdk_platform_lib/kds/KL26Z4/debug/libksdk_platform.a(fsl_i2c_master_driver.o)
 .rodata.__func__.6946
                0x0000e9c8       0x1c C:/Freescale/KSDK_1.3.0/lib/ksdk_platform_lib/kds/KL26Z4/debug/libksdk_platform.a(fsl_i2c_master_driver.o)
 .rodata.__func__.7005
                0x0000e9e4       0x1c C:/Freescale/KSDK_1.3.0/lib/ksdk_platform_lib/kds/KL26Z4/debug/libksdk_platform.a(fsl_i2c_master_driver.o)
 .rodata.__func__.7018
                0x0000ea00       0x14 C:/Freescale/KSDK_1.3.0/lib/ksdk_platform_lib/kds/KL26Z4/debug/libksdk_platform.a(fsl_i2c_master_driver.o)
 .rodata.__func__.7026
                0x0000ea14       0x1c C:/Freescale/KSDK_1.3.0/lib/ksdk_platform_lib/kds/KL26Z4/debug/libksdk_platform.a(fsl_i2c_master_driver.o)
 .rodata.__func__.7037
                0x0000ea30       0x14 C:/Freescale/KSDK_1.3.0/lib/ksdk_platform_lib/kds/KL26Z4/debug/libksdk_platform.a(fsl_i2c_master_driver.o)
 .rodata.__func__.7070
                0x0000ea44       0x18 C:/Freescale/KSDK_1.3.0/lib/ksdk_platform_lib/kds/KL26Z4/debug/libksdk_platform.a(fsl_i2c_master_driver.o)
 .rodata.g_i2cBase
                0x0000ea5c        0x8 C:/Freescale/KSDK_1.3.0/lib/ksdk_platform_lib/kds/KL26Z4/debug/libksdk_platform.a(fsl_i2c_common.o)
                0x0000ea5c                g_i2cBase
 .rodata.g_i2cIrqId
                0x0000ea64        0x4 C:/Freescale/KSDK_1.3.0/lib/ksdk_platform_lib/kds/KL26Z4/debug/libksdk_platform.a(fsl_i2c_common.o)
                0x0000ea64                g_i2cIrqId
 .rodata.__func__.5200
                0x0000ea68       0x14 C:/Freescale/KSDK_1.3.0/lib/ksdk_platform_lib/kds/KL26Z4/debug/libksdk_platform.a(fsl_i2c_shared_function.o)
 .rodata.__func__.5014
                0x0000ea7c       0x14 C:/Freescale/KSDK_1.3.0/lib/ksdk_platform_lib/kds/KL26Z4/debug/libksdk_platform.a(fsl_gpio_driver.o)
 .rodata.__func__.4990
                0x0000ea90       0x14 C:/Freescale/KSDK_1.3.0/lib/ksdk_platform_lib/kds/KL26Z4/debug/libksdk_platform.a(fsl_gpio_driver.o)
 .rodata.__func__.4984
                0x0000eaa4       0x18 C:/Freescale/KSDK_1.3.0/lib/ksdk_platform_lib/kds/KL26Z4/debug/libksdk_platform.a(fsl_gpio_driver.o)
 .rodata.__func__.5002
                0x0000eabc       0x20 C:/Freescale/KSDK_1.3.0/lib/ksdk_platform_lib/kds/KL26Z4/debug/libksdk_platform.a(fsl_gpio_driver.o)
 .rodata.__func__.5028
                0x0000eadc       0x18 C:/Freescale/KSDK_1.3.0/lib/ksdk_platform_lib/kds/KL26Z4/debug/libksdk_platform.a(fsl_gpio_driver.o)
 .rodata.__func__.6530
                0x0000eaf4       0x14 C:/Freescale/KSDK_1.3.0/lib/ksdk_platform_lib/kds/KL26Z4/debug/libksdk_platform.a(fsl_gpio_driver.o)
 .rodata.__func__.4996
                0x0000eb08       0x1c C:/Freescale/KSDK_1.3.0/lib/ksdk_platform_lib/kds/KL26Z4/debug/libksdk_platform.a(fsl_gpio_driver.o)
 .rodata.__func__.5008
                0x0000eb24       0x20 C:/Freescale/KSDK_1.3.0/lib/ksdk_platform_lib/kds/KL26Z4/debug/libksdk_platform.a(fsl_gpio_driver.o)
 .rodata.__func__.5102
                0x0000eb44       0x1c C:/Freescale/KSDK_1.3.0/lib/ksdk_platform_lib/kds/KL26Z4/debug/libksdk_platform.a(fsl_gpio_driver.o)
 .rodata.__func__.5643
                0x0000eb60       0x14 C:/Freescale/KSDK_1.3.0/lib/ksdk_platform_lib/kds/KL26Z4/debug/libksdk_platform.a(fsl_dma_driver.o)
 .rodata.__func__.5401
                0x0000eb74       0x1c C:/Freescale/KSDK_1.3.0/lib/ksdk_platform_lib/kds/KL26Z4/debug/libksdk_platform.a(fsl_dma_driver.o)
 .rodata.__func__.5389
                0x0000eb90       0x1c C:/Freescale/KSDK_1.3.0/lib/ksdk_platform_lib/kds/KL26Z4/debug/libksdk_platform.a(fsl_dma_driver.o)
 .rodata.__func__.5351
                0x0000ebac       0x1c C:/Freescale/KSDK_1.3.0/lib/ksdk_platform_lib/kds/KL26Z4/debug/libksdk_platform.a(fsl_dma_driver.o)
 .rodata.__func__.5366
                0x0000ebc8       0x14 C:/Freescale/KSDK_1.3.0/lib/ksdk_platform_lib/kds/KL26Z4/debug/libksdk_platform.a(fsl_dma_driver.o)
 .rodata.__func__.5327
                0x0000ebdc       0x1c C:/Freescale/KSDK_1.3.0/lib/ksdk_platform_lib/kds/KL26Z4/debug/libksdk_platform.a(fsl_dma_driver.o)
 .rodata.__func__.5321
                0x0000ebf8       0x20 C:/Freescale/KSDK_1.3.0/lib/ksdk_platform_lib/kds/KL26Z4/debug/libksdk_platform.a(fsl_dma_driver.o)
 .rodata.portGateTable
                0x0000ec18        0x8 C:/Freescale/KSDK_1.3.0/lib/ksdk_platform_lib/kds/KL26Z4/debug/libksdk_platform.a(fsl_clock_MKL26Z4.o)
 .rodata.spiGateTable
                0x0000ec20        0x4 C:/Freescale/KSDK_1.3.0/lib/ksdk_platform_lib/kds/KL26Z4/debug/libksdk_platform.a(fsl_clock_MKL26Z4.o)
 .rodata.i2cGateTable
                0x0000ec24        0x4 C:/Freescale/KSDK_1.3.0/lib/ksdk_platform_lib/kds/KL26Z4/debug/libksdk_platform.a(fsl_clock_MKL26Z4.o)
 .rodata.uartGateTable
                0x0000ec28        0x4 C:/Freescale/KSDK_1.3.0/lib/ksdk_platform_lib/kds/KL26Z4/debug/libksdk_platform.a(fsl_clock_MKL26Z4.o)
 .rodata.__func__.6364
                0x0000ec2c       0x1c C:/Freescale/KSDK_1.3.0/lib/ksdk_platform_lib/kds/KL26Z4/debug/libksdk_platform.a(fsl_clock_MKL26Z4.o)
 .rodata.__func__.6403
                0x0000ec48       0x1c C:/Freescale/KSDK_1.3.0/lib/ksdk_platform_lib/kds/KL26Z4/debug/libksdk_platform.a(fsl_clock_MKL26Z4.o)
 .rodata.__func__.6407
                0x0000ec64       0x1c C:/Freescale/KSDK_1.3.0/lib/ksdk_platform_lib/kds/KL26Z4/debug/libksdk_platform.a(fsl_clock_MKL26Z4.o)
 .rodata.__func__.6416
                0x0000ec80       0x1c C:/Freescale/KSDK_1.3.0/lib/ksdk_platform_lib/kds/KL26Z4/debug/libksdk_platform.a(fsl_clock_MKL26Z4.o)
 .rodata.__func__.6437
                0x0000ec9c       0x1c C:/Freescale/KSDK_1.3.0/lib/ksdk_platform_lib/kds/KL26Z4/debug/libksdk_platform.a(fsl_clock_MKL26Z4.o)
 .rodata.__func__.6442
                0x0000ecb8       0x1c C:/Freescale/KSDK_1.3.0/lib/ksdk_platform_lib/kds/KL26Z4/debug/libksdk_platform.a(fsl_clock_MKL26Z4.o)
 .rodata.__func__.6665
                0x0000ecd4       0x14 C:/Freescale/KSDK_1.3.0/lib/ksdk_platform_lib/kds/KL26Z4/debug/libksdk_platform.a(fsl_clock_manager.o)
 .rodata.g_oscBase
                0x0000ece8        0x4 C:/Freescale/KSDK_1.3.0/lib/ksdk_platform_lib/kds/KL26Z4/debug/libksdk_platform.a(fsl_clock_manager_common.o)
                0x0000ece8                g_oscBase
 .rodata.fllFactorTable.5239
                0x0000ecec       0x10 C:/Freescale/KSDK_1.3.0/lib/ksdk_platform_lib/kds/KL26Z4/debug/libksdk_platform.a(fsl_mcg_hal.o)
 .rodata.__func__.6992
                0x0000ecfc       0x18 C:/Freescale/KSDK_1.3.0/lib/ksdk_platform_lib/kds/KL26Z4/debug/libksdk_platform.a(fsl_i2c_slave_driver.o)
 .rodata.__func__.5089
                0x0000ed14       0x14 C:/Freescale/KSDK_1.3.0/lib/ksdk_platform_lib/kds/KL26Z4/debug/libksdk_platform.a(fsl_gpio_hal.o)
 .rodata.__func__.5095
                0x0000ed28       0x18 C:/Freescale/KSDK_1.3.0/lib/ksdk_platform_lib/kds/KL26Z4/debug/libksdk_platform.a(fsl_gpio_hal.o)
 .rodata.g_gpioBase
                0x0000ed40       0x14 C:/Freescale/KSDK_1.3.0/lib/ksdk_platform_lib/kds/KL26Z4/debug/libksdk_platform.a(fsl_gpio_common.o)
                0x0000ed40                g_gpioBase
 .rodata.g_portBase